Component: ARM Compiler 5.06 update 5 (build 528) Tool: armlink [4d35e2]

==============================================================================

Section Cross References

    event_groups.o(i.vEventGroupClearBitsCallback) refers to event_groups.o(i.xEventGroupClearBits) for xEventGroupClearBits
    event_groups.o(i.vEventGroupDelete) refers to tasks.o(i.vTaskSuspendAll) for vTaskSuspendAll
    event_groups.o(i.vEventGroupDelete) refers to tasks.o(i.xTaskRemoveFromUnorderedEventList) for xTaskRemoveFromUnorderedEventList
    event_groups.o(i.vEventGroupDelete) refers to heap_4.o(i.vPortFree) for vPortFree
    event_groups.o(i.vEventGroupDelete) refers to tasks.o(i.xTaskResumeAll) for xTaskResumeAll
    event_groups.o(i.vEventGroupSetBitsCallback) refers to event_groups.o(i.xEventGroupSetBits) for xEventGroupSetBits
    event_groups.o(i.xEventGroupClearBits) refers to port.o(i.vPortEnterCritical) for vPortEnterCritical
    event_groups.o(i.xEventGroupClearBits) refers to port.o(i.vPortExitCritical) for vPortExitCritical
    event_groups.o(i.xEventGroupCreate) refers to heap_4.o(i.pvPortMalloc) for pvPortMalloc
    event_groups.o(i.xEventGroupCreate) refers to list.o(i.vListInitialise) for vListInitialise
    event_groups.o(i.xEventGroupSetBits) refers to tasks.o(i.vTaskSuspendAll) for vTaskSuspendAll
    event_groups.o(i.xEventGroupSetBits) refers to tasks.o(i.xTaskRemoveFromUnorderedEventList) for xTaskRemoveFromUnorderedEventList
    event_groups.o(i.xEventGroupSetBits) refers to tasks.o(i.xTaskResumeAll) for xTaskResumeAll
    event_groups.o(i.xEventGroupSync) refers to tasks.o(i.xTaskGetSchedulerState) for xTaskGetSchedulerState
    event_groups.o(i.xEventGroupSync) refers to tasks.o(i.vTaskSuspendAll) for vTaskSuspendAll
    event_groups.o(i.xEventGroupSync) refers to event_groups.o(i.xEventGroupSetBits) for xEventGroupSetBits
    event_groups.o(i.xEventGroupSync) refers to tasks.o(i.vTaskPlaceOnUnorderedEventList) for vTaskPlaceOnUnorderedEventList
    event_groups.o(i.xEventGroupSync) refers to tasks.o(i.xTaskResumeAll) for xTaskResumeAll
    event_groups.o(i.xEventGroupSync) refers to tasks.o(i.uxTaskResetEventItemValue) for uxTaskResetEventItemValue
    event_groups.o(i.xEventGroupSync) refers to port.o(i.vPortEnterCritical) for vPortEnterCritical
    event_groups.o(i.xEventGroupSync) refers to port.o(i.vPortExitCritical) for vPortExitCritical
    event_groups.o(i.xEventGroupWaitBits) refers to tasks.o(i.xTaskGetSchedulerState) for xTaskGetSchedulerState
    event_groups.o(i.xEventGroupWaitBits) refers to tasks.o(i.vTaskSuspendAll) for vTaskSuspendAll
    event_groups.o(i.xEventGroupWaitBits) refers to event_groups.o(i.prvTestWaitCondition) for prvTestWaitCondition
    event_groups.o(i.xEventGroupWaitBits) refers to tasks.o(i.vTaskPlaceOnUnorderedEventList) for vTaskPlaceOnUnorderedEventList
    event_groups.o(i.xEventGroupWaitBits) refers to tasks.o(i.xTaskResumeAll) for xTaskResumeAll
    event_groups.o(i.xEventGroupWaitBits) refers to tasks.o(i.uxTaskResetEventItemValue) for uxTaskResetEventItemValue
    event_groups.o(i.xEventGroupWaitBits) refers to port.o(i.vPortEnterCritical) for vPortEnterCritical
    event_groups.o(i.xEventGroupWaitBits) refers to port.o(i.vPortExitCritical) for vPortExitCritical
    queue.o(i.prvCopyDataFromQueue) refers to memcpya.o(.text) for __aeabi_memcpy
    queue.o(i.prvCopyDataToQueue) refers to memcpya.o(.text) for __aeabi_memcpy
    queue.o(i.prvCopyDataToQueue) refers to tasks.o(i.xTaskPriorityDisinherit) for xTaskPriorityDisinherit
    queue.o(i.prvUnlockQueue) refers to port.o(i.vPortEnterCritical) for vPortEnterCritical
    queue.o(i.prvUnlockQueue) refers to tasks.o(i.xTaskRemoveFromEventList) for xTaskRemoveFromEventList
    queue.o(i.prvUnlockQueue) refers to tasks.o(i.vTaskMissedYield) for vTaskMissedYield
    queue.o(i.prvUnlockQueue) refers to port.o(i.vPortExitCritical) for vPortExitCritical
    queue.o(i.uxQueueMessagesWaiting) refers to port.o(i.vPortEnterCritical) for vPortEnterCritical
    queue.o(i.uxQueueMessagesWaiting) refers to port.o(i.vPortExitCritical) for vPortExitCritical
    queue.o(i.uxQueueSpacesAvailable) refers to port.o(i.vPortEnterCritical) for vPortEnterCritical
    queue.o(i.uxQueueSpacesAvailable) refers to port.o(i.vPortExitCritical) for vPortExitCritical
    queue.o(i.vQueueAddToRegistry) refers to queue.o(.bss) for .bss
    queue.o(i.vQueueDelete) refers to queue.o(i.vQueueUnregisterQueue) for vQueueUnregisterQueue
    queue.o(i.vQueueDelete) refers to heap_4.o(i.vPortFree) for vPortFree
    queue.o(i.vQueueUnregisterQueue) refers to queue.o(.bss) for .bss
    queue.o(i.xQueueCreateCountingSemaphore) refers to queue.o(i.xQueueGenericCreate) for xQueueGenericCreate
    queue.o(i.xQueueCreateMutex) refers to heap_4.o(i.pvPortMalloc) for pvPortMalloc
    queue.o(i.xQueueCreateMutex) refers to list.o(i.vListInitialise) for vListInitialise
[...]
    __Vectors_End                            0x080001c8   Data           0  startup_stm32f746xx.o(RESET)
    __main                                   0x080001c9   Thumb Code     0  entry.o(.ARM.Collect$$$$00000000)
    _main_stk                                0x080001c9   Thumb Code     0  entry2.o(.ARM.Collect$$$$00000001)
    _main_scatterload                        0x080001cd   Thumb Code     0  entry5.o(.ARM.Collect$$$$00000004)
    __main_after_scatterload                 0x080001d1   Thumb Code     0  entry5.o(.ARM.Collect$$$$00000004)
    _main_clock                              0x080001d1   Thumb Code     0  entry7b.o(.ARM.Collect$$$$00000008)
    _main_cpp_init                           0x080001d1   Thumb Code     0  entry8b.o(.ARM.Collect$$$$0000000A)
    _main_init                               0x080001d1   Thumb Code     0  entry9a.o(.ARM.Collect$$$$0000000B)
    __rt_final_cpp                           0x080001d9   Thumb Code     0  entry10a.o(.ARM.Collect$$$$0000000D)
    __rt_final_exit                          0x080001d9   Thumb Code     0  entry11a.o(.ARM.Collect$$$$0000000F)
    SVC_Handler                              0x080001dd   Thumb Code    28  port.o(.emb_text)
    __asm___6_port_c_39a90d8d__prvStartFirstTask 0x080001fd   Thumb Code    28  port.o(.emb_text)
    __asm___6_port_c_39a90d8d__prvEnableVFP  0x0800021d   Thumb Code    16  port.o(.emb_text)
    PendSV_Handler                           0x08000231   Thumb Code    92  port.o(.emb_text)
    vPortGetIPSR                             0x08000291   Thumb Code     6  port.o(.emb_text)
    Reset_Handler                            0x08000299   Thumb Code     8  startup_stm32f746xx.o(.text)
    ADC_IRQHandler                           0x080002b3   Thumb Code     0  startup_stm32f746xx.o(.text)
    CAN1_RX0_IRQHandler                      0x080002b3   Thumb Code     0  startup_stm32f746xx.o(.text)
    CAN1_RX1_IRQHandler                      0x080002b3   Thumb Code     0  startup_stm32f746xx.o(.text)
    CAN1_SCE_IRQHandler                      0x080002b3   Thumb Code     0  startup_stm32f746xx.o(.text)
    CAN1_TX_IRQHandler                       0x080002b3   Thumb Code     0  startup_stm32f746xx.o(.text)
    CAN2_RX0_IRQHandler                      0x080002b3   Thumb Code     0  startup_stm32f746xx.o(.text)
    CAN2_RX1_IRQHandler                      0x080002b3   Thumb Code     0  startup_stm32f746xx.o(.text)
    CAN2_SCE_IRQHandler                      0x080002b3   Thumb Code     0  startup_stm32f746xx.o(.text)
    CAN2_TX_IRQHandler                       0x080002b3   Thumb Code     0  startup_stm32f746xx.o(.text)
    CEC_IRQHandler                           0x080002b3   Thumb Code     0  startup_stm32f746xx.o(.text)
    DCMI_IRQHandler                          0x080002b3   Thumb Code     0  startup_stm32f746xx.o(.text)
    DMA1_Stream0_IRQHandler                  0x080002b3   Thumb Code     0  startup_stm32f746xx.o(.text)
    DMA1_Stream1_IRQHandler                  0x080002b3   Thumb Code     0  startup_stm32f746xx.o(.text)
    DMA1_Stream2_IRQHandler                  0x080002b3   Thumb Code     0  startup_stm32f746xx.o(.text)
    DMA1_Stream3_IRQHandler                  0x080002b3   Thumb Code     0  startup_stm32f746xx.o(.text)
    DMA1_Stream4_IRQHandler                  0x080002b3   Thumb Code     0  startup_stm32f746xx.o(.text)
    DMA1_Stream5_IRQHandler                  0x080002b3   Thumb Code     0  startup_stm32f746xx.o(.text)
    DMA1_Stream6_IRQHandler                  0x080002b3   Thumb Code     0  startup_stm32f746xx.o(.text)
    DMA1_Stream7_IRQHandler                  0x080002b3   Thumb Code     0  startup_stm32f746xx.o(.text)
    DMA2D_IRQHandler                         0x080002b3   Thumb Code     0  startup_stm32f746xx.o(.text)
    DMA2_Stream0_IRQHandler                  0x080002b3   Thumb Code     0  startup_stm32f746xx.o(.text)
    DMA2_Stream2_IRQHandler                  0x080002b3   Thumb Code     0  startup_stm32f746xx.o(.text)
    DMA2_Stream4_IRQHandler                  0x080002b3   Thumb Code     0  startup_stm32f746xx.o(.text)
    DMA2_Stream5_IRQHandler                  0x080002b3   Thumb Code     0  startup_stm32f746xx.o(.text)
    DMA2_Stream7_IRQHandler                  0x080002b3   Thumb Code     0  startup_stm32f746xx.o(.text)
    ETH_IRQHandler                           0x080002b3   Thumb Code     0  startup_stm32f746xx.o(.text)
    ETH_WKUP_IRQHandler                      0x080002b3   Thumb Code     0  startup_stm32f746xx.o(.text)
    EXTI0_IRQHandler                         0x080002b3   Thumb Code     0  startup_stm32f746xx.o(.text)
    EXTI1_IRQHandler                         0x080002b3   Thumb Code     0  startup_stm32f746xx.o(.text)
    EXTI2_IRQHandler                         0x080002b3   Thumb Code     0  startup_stm32f746xx.o(.text)
    EXTI3_IRQHandler                         0x080002b3   Thumb Code     0  startup_stm32f746xx.o(.text)
    EXTI4_IRQHandler                         0x080002b3   Thumb Code     0  startup_stm32f746xx.o(.text)
    FLASH_IRQHandler                         0x080002b3   Thumb Code     0  startup_stm32f746xx.o(.text)
    FMC_IRQHandler                           0x080002b3   Thumb Code     0  startup_stm32f746xx.o(.text)
    FPU_IRQHandler                           0x080002b3   Thumb Code     0  startup_stm32f746xx.o(.text)
    I2C1_ER_IRQHandler                       0x080002b3   Thumb Code     0  startup_stm32f746xx.o(.text)
    I2C1_EV_IRQHandler                       0x080002b3   Thumb Code     0  startup_stm32f746xx.o(.text)
    I2C2_ER_IRQHandler                       0x080002b3   Thumb Code     0  startup_stm32f746xx.o(.text)
    I2C2_EV_IRQHandler                       0x080002b3   Thumb Code     0  startup_stm32f746xx.o(.text)
    I2C3_ER_IRQHandler                       0x080002b3   Thumb Code     0  startup_stm32f746xx.o(.text)
    I2C3_EV_IRQHandler                       0x080002b3   Thumb Code     0  startup_stm32f746xx.o(.text)
    I2C4_ER_IRQHandler                       0x080002b3   Thumb Code     0  startup_stm32f746xx.o(.text)
    I2C4_EV_IRQHandler                       0x080002b3   Thumb Code     0  startup_stm32f746xx.o(.text)
    LPTIM1_IRQHandler                        0x080002b3   Thumb Code     0  startup_stm32f746xx.o(.text)
    LTDC_ER_IRQHandler                       0x080002b3   Thumb Code     0  startup_stm32f746xx.o(.text)
    LTDC_IRQHandler                          0x080002b3   Thumb Code     0  startup_stm32f746xx.o(.text)
    OTG_FS_IRQHandler                        0x080002b3   Thumb Code     0  startup_stm32f746xx.o(.text)
    OTG_FS_WKUP_IRQHandler                   0x080002b3   Thumb Code     0  startup_stm32f746xx.o(.text)
    OTG_HS_EP1_IN_IRQHandler                 0x080002b3   Thumb Code     0  startup_stm32f746xx.o(.text)
    OTG_HS_EP1_OUT_IRQHandler                0x080002b3   Thumb Code     0  startup_stm32f746xx.o(.text)
    OTG_HS_IRQHandler                        0x080002b3   Thumb Code     0  startup_stm32f746xx.o(.text)
    OTG_HS_WKUP_IRQHandler                   0x080002b3   Thumb Code     0  startup_stm32f746xx.o(.text)
    PVD_IRQHandler                           0x080002b3   Thumb Code     0  startup_stm32f746xx.o(.text)
    QUADSPI_IRQHandler                       0x080002b3   Thumb Code     0  startup_stm32f746xx.o(.text)
    RCC_IRQHandler                           0x080002b3   Thumb Code     0  startup_stm32f746xx.o(.text)
    RNG_IRQHandler                           0x080002b3   Thumb Code     0  startup_stm32f746xx.o(.text)
    RTC_Alarm_IRQHandler                     0x080002b3   Thumb Code     0  startup_stm32f746xx.o(.text)
    RTC_WKUP_IRQHandler                      0x080002b3   Thumb Code     0  startup_stm32f746xx.o(.text)
    SAI1_IRQHandler                          0x080002b3   Thumb Code     0  startup_stm32f746xx.o(.text)
    SAI2_IRQHandler                          0x080002b3   Thumb Code     0  startup_stm32f746xx.o(.text)
    SPDIF_RX_IRQHandler                      0x080002b3   Thumb Code     0  startup_stm32f746xx.o(.text)
    SPI1_IRQHandler                          0x080002b3   Thumb Code     0  startup_stm32f746xx.o(.text)
    SPI2_IRQHandler                          0x080002b3   Thumb Code     0  startup_stm32f746xx.o(.text)
    SPI3_IRQHandler                          0x080002b3   Thumb Code     0  startup_stm32f746xx.o(.text)
    SPI4_IRQHandler                          0x080002b3   Thumb Code     0  startup_stm32f746xx.o(.text)
    SPI5_IRQHandler                          0x080002b3   Thumb Code     0  startup_stm32f746xx.o(.text)
    SPI6_IRQHandler                          0x080002b3   Thumb Code     0  startup_stm32f746xx.o(.text)
    TAMP_STAMP_IRQHandler                    0x080002b3   Thumb Code     0  startup_stm32f746xx.o(.text)
    TIM1_BRK_TIM9_IRQHandler                 0x080002b3   Thumb Code     0  startup_stm32f746xx.o(.text)
    TIM1_CC_IRQHandler                       0x080002b3   Thumb Code     0  startup_stm32f746xx.o(.text)
    TIM1_TRG_COM_TIM11_IRQHandler            0x080002b3   Thumb Code     0  startup_stm32f746xx.o(.text)
    TIM1_UP_TIM10_IRQHandler                 0x080002b3   Thumb Code     0  startup_stm32f746xx.o(.text)
    TIM2_IRQHandler                          0x080002b3   Thumb Code     0  startup_stm32f746xx.o(.text)
    TIM3_IRQHandler                          0x080002b3   Thumb Code     0  startup_stm32f746xx.o(.text)
    TIM4_IRQHandler                          0x080002b3   Thumb Code     0  startup_stm32f746xx.o(.text)
    TIM5_IRQHandler                          0x080002b3   Thumb Code     0  startup_stm32f746xx.o(.text)
    TIM6_DAC_IRQHandler                      0x080002b3   Thumb Code     0  startup_stm32f746xx.o(.text)
    TIM8_BRK_TIM12_IRQHandler                0x080002b3   Thumb Code     0  startup_stm32f746xx.o(.text)
    TIM8_CC_IRQHandler                       0x080002b3   Thumb Code     0  startup_stm32f746xx.o(.text)
    TIM8_TRG_COM_TIM14_IRQHandler            0x080002b3   Thumb Code     0  startup_stm32f746xx.o(.text)
    TIM8_UP_TIM13_IRQHandler                 0x080002b3   Thumb Code     0  startup_stm32f746xx.o(.text)
    UART4_IRQHandler                         0x080002b3   Thumb Code     0  startup_stm32f746xx.o(.text)
    UART5_IRQHandler                         0x080002b3   Thumb Code     0  startup_stm32f746xx.o(.text)
    UART7_IRQHandler                         0x080002b3   Thumb Code     0  startup_stm32f746xx.o(.text)
    UART8_IRQHandler                         0x080002b3   Thumb Code     0  startup_stm32f746xx.o(.text)
    USART1_IRQHandler                        0x080002b3   Thumb Code     0  startup_stm32f746xx.o(.text)
    USART2_IRQHandler                        0x080002b3   Thumb Code     0  startup_stm32f746xx.o(.text)
    USART3_IRQHandler                        0x080002b3   Thumb Code     0  startup_stm32f746xx.o(.text)
    WWDG_IRQHandler                          0x080002b3   Thumb Code     0  startup_stm32f746xx.o(.text)
    __aeabi_memcpy                           0x080002bd   Thumb Code    36  memcpya.o(.text)
    __aeabi_memcpy4                          0x080002bd   Thumb Code     0  memcpya.o(.text)
    __aeabi_memcpy8                          0x080002bd   Thumb Code     0  memcpya.o(.text)
    __aeabi_memset                           0x080002e1   Thumb Code    14  memseta.o(.text)
    __aeabi_memset4                          0x080002e1   Thumb Code     0  memseta.o(.text)
    __aeabi_memset8                          0x080002e1   Thumb Code     0  memseta.o(.text)
    __aeabi_memclr                           0x080002ef   Thumb Code     4  memseta.o(.text)
    __aeabi_memclr4                          0x080002ef   Thumb Code     0  memseta.o(.text)
    __aeabi_memclr8                          0x080002ef   Thumb Code     0  memseta.o(.text)
    _memset$wrapper                          0x080002f3   Thumb Code    18  memseta.o(.text)
    strncat                                  0x08000305   Thumb Code    40  strncat.o(.text)
    __aeabi_dadd                             0x0800032d   Thumb Code   322  dadd.o(.text)
    __aeabi_dsub                             0x0800046f   Thumb Code     6  dadd.o(.text)
    __aeabi_drsub                            0x08000475   Thumb Code     6  dadd.o(.text)
    __aeabi_dmul                             0x0800047b   Thumb Code   228  dmul.o(.text)
    __aeabi_i2d                              0x0800055f   Thumb Code    34  dflti.o(.text)
    __aeabi_f2d                              0x08000581   Thumb Code    38  f2d.o(.text)
    __aeabi_d2f                              0x080005a7   Thumb Code    56  d2f.o(.text)
    __aeabi_uidiv                            0x080005df   Thumb Code     0  uidiv.o(.text)
    __aeabi_uidivmod                         0x080005df   Thumb Code    44  uidiv.o(.text)
    __aeabi_uldivmod                         0x0800060b   Thumb Code    98  uldiv.o(.text)
    __aeabi_llsl                             0x0800066d   Thumb Code    30  llshl.o(.text)
    _ll_shift_l                              0x0800066d   Thumb Code     0  llshl.o(.text)
    __aeabi_lasr                             0x0800068b   Thumb Code    36  llsshr.o(.text)
    _ll_sshift_r                             0x0800068b   Thumb Code     0  llsshr.o(.text)
    __I$use$fp                               0x080006af   Thumb Code     0  iusefp.o(.text)
    _float_round                             0x080006af   Thumb Code    18  fepilogue.o(.text)
    _float_epilogue                          0x080006c1   Thumb Code    92  fepilogue.o(.text)
    _double_round                            0x0800071d   Thumb Code    30  depilogue.o(.text)
    _double_epilogue                         0x0800073b   Thumb Code   156  depilogue.o(.text)
    __aeabi_ddiv                             0x080007d7   Thumb Code   222  ddiv.o(.text)
    __ARM_scalbn                             0x080008b5   Thumb Code    46  dscalb.o(.text)
    scalbn                                   0x080008b5   Thumb Code     0  dscalb.o(.text)
    __aeabi_d2ulz                            0x080008e3   Thumb Code    48  dfixul.o(.text)
    __aeabi_cdrcmple                         0x08000915   Thumb Code    48  cdrcmple.o(.text)
    __scatterload                            0x08000945   Thumb Code    28  init.o(.text)
    __scatterload_rt2                        0x08000945   Thumb Code     0  init.o(.text)
    __aeabi_llsr                             0x08000969   Thumb Code    32  llushr.o(.text)
    _ll_ushift_r                             0x08000969   Thumb Code     0  llushr.o(.text)
    _dsqrt                                   0x08000989   Thumb Code   162  dsqrt.o(.text)
    __decompress                             0x08000a2b   Thumb Code     0  __dczerorl2.o(.text)
    __decompress1                            0x08000a2b   Thumb Code    86  __dczerorl2.o(.text)
    BSP_LCD_Clear                            0x08000a81   Thumb Code    48  stm32746g_discovery_lcd.o(i.BSP_LCD_Clear)
    BSP_LCD_ClockConfig                      0x08000ab9   Thumb Code    26  stm32746g_discovery_lcd.o(i.BSP_LCD_ClockConfig)
    BSP_LCD_DisplayChar                      0x08000ad9   Thumb Code    44  stm32746g_discovery_lcd.o(i.BSP_LCD_DisplayChar)
    BSP_LCD_DisplayOn                        0x08000b0d   Thumb Code    38  stm32746g_discovery_lcd.o(i.BSP_LCD_DisplayOn)
    BSP_LCD_DisplayStringAt                  0x08000b41   Thumb Code   192  stm32746g_discovery_lcd.o(i.BSP_LCD_DisplayStringAt)
    BSP_LCD_DrawLine                         0x08000c09   Thumb Code   186  stm32746g_discovery_lcd.o(i.BSP_LCD_DrawLine)
    BSP_LCD_DrawPixel                        0x08000ccd   Thumb Code    90  stm32746g_discovery_lcd.o(i.BSP_LCD_DrawPixel)
    BSP_LCD_FillRect                         0x08000d31   Thumb Code   148  stm32746g_discovery_lcd.o(i.BSP_LCD_FillRect)
    BSP_LCD_GetXSize                         0x08000dcd   Thumb Code    22  stm32746g_discovery_lcd.o(i.BSP_LCD_GetXSize)
    BSP_LCD_GetYSize                         0x08000ded   Thumb Code    22  stm32746g_discovery_lcd.o(i.BSP_LCD_GetYSize)
    BSP_LCD_Init                             0x08000e0d   Thumb Code   142  stm32746g_discovery_lcd.o(i.BSP_LCD_Init)
    BSP_LCD_LayerDefaultInit                 0x08000eb1   Thumb Code   112  stm32746g_discovery_lcd.o(i.BSP_LCD_LayerDefaultInit)
    BSP_LCD_MspInit                          0x08000f29   Thumb Code   286  stm32746g_discovery_lcd.o(i.BSP_LCD_MspInit)
    BSP_LCD_SelectLayer                      0x08001061   Thumb Code     6  stm32746g_discovery_lcd.o(i.BSP_LCD_SelectLayer)
    BSP_LCD_SetBackColor                     0x0800106d   Thumb Code    18  stm32746g_discovery_lcd.o(i.BSP_LCD_SetBackColor)
    BSP_LCD_SetFont                          0x08001089   Thumb Code    18  stm32746g_discovery_lcd.o(i.BSP_LCD_SetFont)
    BSP_LCD_SetTextColor                     0x080010a5   Thumb Code    16  stm32746g_discovery_lcd.o(i.BSP_LCD_SetTextColor)
    BSP_LCD_SetTransparency                  0x080010bd   Thumb Code     8  stm32746g_discovery_lcd.o(i.BSP_LCD_SetTransparency)
    BSP_LED_Init                             0x080010c9   Thumb Code    68  stm32746g_discovery.o(i.BSP_LED_Init)
    BSP_LED_Off                              0x08001119   Thumb Code    20  stm32746g_discovery.o(i.BSP_LED_Off)
    BSP_LED_On                               0x08001135   Thumb Code    20  stm32746g_discovery.o(i.BSP_LED_On)
    BSP_LED_Toggle                           0x08001151   Thumb Code    18  stm32746g_discovery.o(i.BSP_LED_Toggle)
    BSP_SDRAM_Init                           0x0800116d   Thumb Code   108  stm32746g_discovery_sdram.o(i.BSP_SDRAM_Init)
    BSP_SDRAM_Initialization_sequence        0x080011e5   Thumb Code   134  stm32746g_discovery_sdram.o(i.BSP_SDRAM_Initialization_sequence)
    BSP_SDRAM_MspInit                        0x08001271   Thumb Code   320  stm32746g_discovery_sdram.o(i.BSP_SDRAM_MspInit)
    BSP_SD_DMA_Rx_IRQHandler                 0x080013d5   Thumb Code     8  stm32746g_discovery_sd.o(i.BSP_SD_DMA_Rx_IRQHandler)
    BSP_SD_Detect_MspInit                    0x080013e1   Thumb Code    48  stm32746g_discovery_sd.o(i.BSP_SD_Detect_MspInit)
    BSP_SD_GetCardInfo                       0x08001419   Thumb Code     8  stm32746g_discovery_sd.o(i.BSP_SD_GetCardInfo)
    BSP_SD_GetStatus                         0x08001425   Thumb Code     6  stm32746g_discovery_sd.o(i.BSP_SD_GetStatus)
    BSP_SD_IRQHandler                        0x08001431   Thumb Code     6  stm32746g_discovery_sd.o(i.BSP_SD_IRQHandler)
    BSP_SD_Init                              0x0800143d   Thumb Code    82  stm32746g_discovery_sd.o(i.BSP_SD_Init)
    BSP_SD_IsDetected                        0x08001499   Thumb Code    32  stm32746g_discovery_sd.o(i.BSP_SD_IsDetected)
    BSP_SD_MspInit                           0x080014bd   Thumb Code   308  stm32746g_discovery_sd.o(i.BSP_SD_MspInit)
    BSP_SD_ReadBlocks                        0x08001605   Thumb Code    26  stm32746g_discovery_sd.o(i.BSP_SD_ReadBlocks)
    BSP_SD_WriteBlocks                       0x08001625   Thumb Code    26  stm32746g_discovery_sd.o(i.BSP_SD_WriteBlocks)
    BSP_TS_GetState                          0x08001645   Thumb Code   360  stm32746g_discovery_ts.o(i.BSP_TS_GetState)
    BSP_TS_Get_GestureId                     0x080017b5   Thumb Code    88  stm32746g_discovery_ts.o(i.BSP_TS_Get_GestureId)
    BSP_TS_ITConfig                          0x08001811   Thumb Code    58  stm32746g_discovery_ts.o(i.BSP_TS_ITConfig)
    BSP_TS_Init                              0x08001859   Thumb Code    50  stm32746g_discovery_ts.o(i.BSP_TS_Init)
    BusFault_Handler                         0x08001895   Thumb Code     2  stm32f7xx_it.o(i.BusFault_Handler)
    CPU_CACHE_Enable                         0x08001899   Thumb Code   108  configurations.o(i.CPU_CACHE_Enable)
    DMA2_Stream1_IRQHandler                  0x08001999   Thumb Code    14  stm32f7xx_it.o(i.DMA2_Stream1_IRQHandler)
    DMA2_Stream3_IRQHandler                  0x080019b1   Thumb Code     4  stm32f7xx_it.o(i.DMA2_Stream3_IRQHandler)
    DMA2_Stream6_IRQHandler                  0x080019b5   Thumb Code    14  stm32f7xx_it.o(i.DMA2_Stream6_IRQHandler)
    DebugMon_Handler                         0x080019f5   Thumb Code     2  stm32f7xx_it.o(i.DebugMon_Handler)
    EXTI15_10_IRQHandler                     0x08001aa9   Thumb Code    64  main.o(i.EXTI15_10_IRQHandler)
    EXTI9_5_IRQHandler                       0x08001af5   Thumb Code   348  main.o(i.EXTI9_5_IRQHandler)
    FATFS_LinkDriver                         0x08001d15   Thumb Code     6  ff_gen_drv.o(i.FATFS_LinkDriver)
    FATFS_LinkDriverEx                       0x08001d1d   Thumb Code    60  ff_gen_drv.o(i.FATFS_LinkDriverEx)
    FMC_SDRAM_Init                           0x08001d5d   Thumb Code    94  stm32f7xx_ll_fmc.o(i.FMC_SDRAM_Init)
    FMC_SDRAM_ProgramRefreshRate             0x08001dbb   Thumb Code    12  stm32f7xx_ll_fmc.o(i.FMC_SDRAM_ProgramRefreshRate)
    FMC_SDRAM_SendCommand                    0x08001dc7   Thumb Code    72  stm32f7xx_ll_fmc.o(i.FMC_SDRAM_SendCommand)
    FMC_SDRAM_Timing_Init                    0x08001e0f   Thumb Code   130  stm32f7xx_ll_fmc.o(i.FMC_SDRAM_Timing_Init)
    HAL_DMA2D_ConfigLayer                    0x08001e91   Thumb Code   218  stm32f7xx_hal_dma2d.o(i.HAL_DMA2D_ConfigLayer)
    HAL_DMA2D_Init                           0x08001f71   Thumb Code    90  stm32f7xx_hal_dma2d.o(i.HAL_DMA2D_Init)
    HAL_DMA2D_MspInit                        0x08001fcb   Thumb Code     2  stm32f7xx_hal_dma2d.o(i.HAL_DMA2D_MspInit)
    HAL_DMA2D_PollForTransfer                0x08001fcd   Thumb Code   220  stm32f7xx_hal_dma2d.o(i.HAL_DMA2D_PollForTransfer)
    HAL_DMA2D_Start                          0x080020a9   Thumb Code    62  stm32f7xx_hal_dma2d.o(i.HAL_DMA2D_Start)
    HAL_DMA_DeInit                           0x080020e7   Thumb Code    86  stm32f7xx_hal_dma.o(i.HAL_DMA_DeInit)
    HAL_DMA_IRQHandler                       0x0800213d   Thumb Code   404  stm32f7xx_hal_dma.o(i.HAL_DMA_IRQHandler)
    HAL_DMA_Init                             0x080022d5   Thumb Code   134  stm32f7xx_hal_dma.o(i.HAL_DMA_Init)
    HAL_Delay                                0x08002361   Thumb Code    22  stm32f7xx_hal.o(i.HAL_Delay)
    HAL_GPIO_Init                            0x08002379   Thumb Code   418  stm32f7xx_hal_gpio.o(i.HAL_GPIO_Init)
    HAL_GPIO_ReadPin                         0x08002551   Thumb Code    10  stm32f7xx_hal_gpio.o(i.HAL_GPIO_ReadPin)
    HAL_GPIO_TogglePin                       0x0800255b   Thumb Code     8  stm32f7xx_hal_gpio.o(i.HAL_GPIO_TogglePin)
    HAL_GPIO_WritePin                        0x08002563   Thumb Code    10  stm32f7xx_hal_gpio.o(i.HAL_GPIO_WritePin)
    HAL_GetTick                              0x0800256d   Thumb Code     6  stm32f7xx_hal.o(i.HAL_GetTick)
    HAL_I2C_DeInit                           0x08002579   Thumb Code    46  stm32f7xx_hal_i2c.o(i.HAL_I2C_DeInit)
    HAL_I2C_GetState                         0x080025a7   Thumb Code     6  stm32f7xx_hal_i2c.o(i.HAL_I2C_GetState)
    HAL_I2C_Init                             0x080025ad   Thumb Code   166  stm32f7xx_hal_i2c.o(i.HAL_I2C_Init)
    HAL_I2C_Mem_Read                         0x08002659   Thumb Code   268  stm32f7xx_hal_i2c.o(i.HAL_I2C_Mem_Read)
    HAL_I2C_Mem_Write                        0x08002769   Thumb Code   268  stm32f7xx_hal_i2c.o(i.HAL_I2C_Mem_Write)
    HAL_I2C_MspDeInit                        0x08002879   Thumb Code     2  stm32f7xx_hal_i2c.o(i.HAL_I2C_MspDeInit)
    HAL_I2C_MspInit                          0x0800287b   Thumb Code     2  stm32f7xx_hal_i2c.o(i.HAL_I2C_MspInit)
    HAL_IncTick                              0x0800287d   Thumb Code    10  stm32f7xx_hal.o(i.HAL_IncTick)
    HAL_Init                                 0x0800288d   Thumb Code    32  stm32f7xx_hal.o(i.HAL_Init)
    HAL_InitTick                             0x080028b1   Thumb Code    34  stm32f7xx_hal.o(i.HAL_InitTick)
    HAL_LTDC_ConfigLayer                     0x080028d3   Thumb Code    82  stm32f7xx_hal_ltdc.o(i.HAL_LTDC_ConfigLayer)
    HAL_LTDC_GetState                        0x08002925   Thumb Code     6  stm32f7xx_hal_ltdc.o(i.HAL_LTDC_GetState)
    HAL_LTDC_Init                            0x0800292d   Thumb Code   252  stm32f7xx_hal_ltdc.o(i.HAL_LTDC_Init)
    HAL_LTDC_MspInit                         0x08002a2d   Thumb Code     2  stm32f7xx_hal_ltdc.o(i.HAL_LTDC_MspInit)
    HAL_LTDC_SetAlpha                        0x08002a2f   Thumb Code    68  stm32f7xx_hal_ltdc.o(i.HAL_LTDC_SetAlpha)
    HAL_MspInit                              0x08002a73   Thumb Code     8  stm32f7xx_hal.o(i.HAL_MspInit)
    HAL_NVIC_EnableIRQ                       0x08002a7b   Thumb Code    22  stm32f7xx_hal_cortex.o(i.HAL_NVIC_EnableIRQ)
    HAL_NVIC_SetPriority                     0x08002a91   Thumb Code    60  stm32f7xx_hal_cortex.o(i.HAL_NVIC_SetPriority)
    HAL_NVIC_SetPriorityGrouping             0x08002ad1   Thumb Code    28  stm32f7xx_hal_cortex.o(i.HAL_NVIC_SetPriorityGrouping)
    HAL_PWREx_EnableOverDrive                0x08002af5   Thumb Code   100  stm32f7xx_hal_pwr_ex.o(i.HAL_PWREx_EnableOverDrive)
    HAL_RCCEx_PeriphCLKConfig                0x08002b61   Thumb Code  1708  stm32f7xx_hal_rcc_ex.o(i.HAL_RCCEx_PeriphCLKConfig)
    HAL_RCC_ClockConfig                      0x08003211   Thumb Code   450  stm32f7xx_hal_rcc.o(i.HAL_RCC_ClockConfig)
    HAL_RCC_GetHCLKFreq                      0x080033dd   Thumb Code    38  stm32f7xx_hal_rcc.o(i.HAL_RCC_GetHCLKFreq)
    HAL_RCC_GetSysClockFreq                  0x08003411   Thumb Code   120  stm32f7xx_hal_rcc.o(i.HAL_RCC_GetSysClockFreq)
    HAL_RCC_OscConfig                        0x08003495   Thumb Code   922  stm32f7xx_hal_rcc.o(i.HAL_RCC_OscConfig)
    HAL_SDRAM_Init                           0x08003839   Thumb Code    66  stm32f7xx_hal_sdram.o(i.HAL_SDRAM_Init)
    HAL_SDRAM_MspInit                        0x0800387b   Thumb Code     2  stm32f7xx_hal_sdram.o(i.HAL_SDRAM_MspInit)
    HAL_SDRAM_ProgramRefreshRate             0x0800387d   Thumb Code    34  stm32f7xx_hal_sdram.o(i.HAL_SDRAM_ProgramRefreshRate)
    HAL_SDRAM_SendCommand                    0x080038a1   Thumb Code    48  stm32f7xx_hal_sdram.o(i.HAL_SDRAM_SendCommand)
    HAL_SD_GetStatus                         0x080038d1   Thumb Code    78  stm32f7xx_hal_sd.o(i.HAL_SD_GetStatus)
    HAL_SD_Get_CardInfo                      0x08003921   Thumb Code   698  stm32f7xx_hal_sd.o(i.HAL_SD_Get_CardInfo)
    HAL_SD_IRQHandler                        0x08003bdb   Thumb Code   104  stm32f7xx_hal_sd.o(i.HAL_SD_IRQHandler)
    HAL_SD_Init                              0x08003c43   Thumb Code   156  stm32f7xx_hal_sd.o(i.HAL_SD_Init)
    HAL_SD_MspInit                           0x08003cdf   Thumb Code     2  stm32f7xx_hal_sd.o(i.HAL_SD_MspInit)
    HAL_SD_ReadBlocks                        0x08003ce1   Thumb Code   368  stm32f7xx_hal_sd.o(i.HAL_SD_ReadBlocks)
    HAL_SD_StopTransfer                      0x08003e51   Thumb Code    42  stm32f7xx_hal_sd.o(i.HAL_SD_StopTransfer)
    HAL_SD_WideBusOperation_Config           0x08003e7b   Thumb Code    94  stm32f7xx_hal_sd.o(i.HAL_SD_WideBusOperation_Config)
    HAL_SD_WriteBlocks                       0x08003ed9   Thumb Code   454  stm32f7xx_hal_sd.o(i.HAL_SD_WriteBlocks)
    HAL_SD_XferCpltCallback                  0x0800409f   Thumb Code     2  stm32f7xx_hal_sd.o(i.HAL_SD_XferCpltCallback)
    HAL_SD_XferErrorCallback                 0x080040a1   Thumb Code     2  stm32f7xx_hal_sd.o(i.HAL_SD_XferErrorCallback)
    HAL_SYSTICK_Config                       0x080040a3   Thumb Code    38  stm32f7xx_hal_cortex.o(i.HAL_SYSTICK_Config)
    HAL_TIM_Base_Init                        0x080040c9   Thumb Code    48  stm32f7xx_hal_tim.o(i.HAL_TIM_Base_Init)
    HAL_TIM_Base_MspInit                     0x080040f9   Thumb Code     2  stm32f7xx_hal_tim.o(i.HAL_TIM_Base_MspInit)
    HAL_TIM_Base_Start_IT                    0x080040fb   Thumb Code    24  stm32f7xx_hal_tim.o(i.HAL_TIM_Base_Start_IT)
    HAL_UART_ErrorCallback                   0x08004113   Thumb Code     4  uart.o(i.HAL_UART_ErrorCallback)
    HAL_UART_IRQHandler                      0x08004117   Thumb Code   234  stm32f7xx_hal_uart.o(i.HAL_UART_IRQHandler)
    HAL_UART_RxCpltCallback                  0x08004201   Thumb Code     8  uart.o(i.HAL_UART_RxCpltCallback)
    HAL_UART_TxCpltCallback                  0x0800420d   Thumb Code     8  uart.o(i.HAL_UART_TxCpltCallback)
    HardFault_Handler                        0x08004219   Thumb Code     2  stm32f7xx_it.o(i.HardFault_Handler)
    LCD_Configuration                        0x08004675   Thumb Code    90  display.o(i.LCD_Configuration)
    MemManage_Handler                        0x08004921   Thumb Code     2  stm32f7xx_it.o(i.MemManage_Handler)
    NMI_Handler                              0x08004923   Thumb Code     2  stm32f7xx_it.o(i.NMI_Handler)
    SDMMC1_IRQHandler                        0x08004947   Thumb Code     4  stm32f7xx_it.o(i.SDMMC1_IRQHandler)
    SDMMC_DataConfig                         0x0800494b   Thumb Code    38  stm32f7xx_ll_sdmmc.o(i.SDMMC_DataConfig)
    SDMMC_GetCommandResponse                 0x08004971   Thumb Code     6  stm32f7xx_ll_sdmmc.o(i.SDMMC_GetCommandResponse)
    SDMMC_GetPowerState                      0x08004977   Thumb Code     8  stm32f7xx_ll_sdmmc.o(i.SDMMC_GetPowerState)
    SDMMC_GetResponse                        0x0800497f   Thumb Code    12  stm32f7xx_ll_sdmmc.o(i.SDMMC_GetResponse)
    SDMMC_Init                               0x0800498b   Thumb Code    34  stm32f7xx_ll_sdmmc.o(i.SDMMC_Init)
    SDMMC_PowerState_ON                      0x080049ad   Thumb Code     8  stm32f7xx_ll_sdmmc.o(i.SDMMC_PowerState_ON)
    SDMMC_ReadFIFO                           0x080049b5   Thumb Code     6  stm32f7xx_ll_sdmmc.o(i.SDMMC_ReadFIFO)
    SDMMC_SendCommand                        0x080049bb   Thumb Code    34  stm32f7xx_ll_sdmmc.o(i.SDMMC_SendCommand)
    SDMMC_WriteFIFO                          0x080049dd   Thumb Code    10  stm32f7xx_ll_sdmmc.o(i.SDMMC_WriteFIFO)
    SD_initialize                            0x08005151   Thumb Code    26  sd_diskio.o(i.SD_initialize)
    SD_ioctl                                 0x08005171   Thumb Code    80  sd_diskio.o(i.SD_ioctl)
    SD_read                                  0x080051c5   Thumb Code    30  sd_diskio.o(i.SD_read)
    SD_status                                0x080051e5   Thumb Code    26  sd_diskio.o(i.SD_status)
    SD_write                                 0x08005205   Thumb Code    30  sd_diskio.o(i.SD_write)
    SysTick_Handler                          0x08005223   Thumb Code    14  stm32f7xx_it.o(i.SysTick_Handler)
    SystemClock_Config                       0x08005231   Thumb Code    94  configurations.o(i.SystemClock_Config)
    SystemInit                               0x08005291   Thumb Code    68  system_stm32f7xx.o(i.SystemInit)
    TIM7_IRQHandler                          0x080052e5   Thumb Code    34  main.o(i.TIM7_IRQHandler)
    TIM_Base_SetConfig                       0x08005385   Thumb Code   150  stm32f7xx_hal_tim.o(i.TIM_Base_SetConfig)
    TS_IO_Delay                              0x08005449   Thumb Code     4  stm32746g_discovery.o(i.TS_IO_Delay)
    TS_IO_Init                               0x0800544d   Thumb Code     6  stm32746g_discovery.o(i.TS_IO_Init)
    TS_IO_Read                               0x08005459   Thumb Code    34  stm32746g_discovery.o(i.TS_IO_Read)
    TS_IO_Write                              0x08005481   Thumb Code    26  stm32746g_discovery.o(i.TS_IO_Write)
    UART_WaitOnFlagUntilTimeout              0x080055c7   Thumb Code   146  stm32f7xx_hal_uart.o(i.UART_WaitOnFlagUntilTimeout)
    USART6_IRQHandler                        0x08005659   Thumb Code     6  stm32f7xx_it.o(i.USART6_IRQHandler)
    UsageFault_Handler                       0x08005665   Thumb Code     2  stm32f7xx_it.o(i.UsageFault_Handler)
    __0sprintf                               0x08005669   Thumb Code    34  printfa.o(i.__0sprintf)
    __1sprintf                               0x08005669   Thumb Code     0  printfa.o(i.__0sprintf)
    __2sprintf                               0x08005669   Thumb Code     0  printfa.o(i.__0sprintf)
    __c89sprintf                             0x08005669   Thumb Code     0  printfa.o(i.__0sprintf)
    sprintf                                  0x08005669   Thumb Code     0  printfa.o(i.__0sprintf)
    __ARM_fpclassify                         0x08005691   Thumb Code    48  fpclassify.o(i.__ARM_fpclassify)
    __hardfp_pow                             0x080056c1   Thumb Code  3072  pow.o(i.__hardfp_pow)
    __kernel_poly                            0x08006311   Thumb Code   248  poly.o(i.__kernel_poly)
    __mathlib_dbl_divzero                    0x08006409   Thumb Code    28  dunder.o(i.__mathlib_dbl_divzero)
    __mathlib_dbl_infnan2                    0x08006439   Thumb Code    20  dunder.o(i.__mathlib_dbl_infnan2)
    __mathlib_dbl_invalid                    0x08006451   Thumb Code    24  dunder.o(i.__mathlib_dbl_invalid)
    __mathlib_dbl_overflow                   0x08006471   Thumb Code    24  dunder.o(i.__mathlib_dbl_overflow)
    __mathlib_dbl_underflow                  0x08006491   Thumb Code    24  dunder.o(i.__mathlib_dbl_underflow)
    __scatterload_copy                       0x080064b1   Thumb Code    14  handlers.o(i.__scatterload_copy)
    __scatterload_null                       0x080064bf   Thumb Code     2  handlers.o(i.__scatterload_null)
    __scatterload_zeroinit                   0x080064c1   Thumb Code    14  handlers.o(i.__scatterload_zeroinit)
    __set_errno                              0x080064d1   Thumb Code     6  errno.o(i.__set_errno)
    billAcceptorInit                         0x08006d99   Thumb Code   122  main.o(i.billAcceptorInit)
    checkButton                              0x08006e25   Thumb Code   102  display.o(i.checkButton)
    clearScreen                              0x08006f59   Thumb Code    22  display.o(i.clearScreen)
    clust2sect                               0x08006fbf   Thumb Code    30  ff.o(i.clust2sect)
    databaseInit                             0x08007191   Thumb Code    34  database.o(i.databaseInit)
    disk_initialize                          0x08007425   Thumb Code    34  diskio.o(i.disk_initialize)
    disk_ioctl                               0x0800744d   Thumb Code    20  diskio.o(i.disk_ioctl)
    disk_read                                0x08007465   Thumb Code    22  diskio.o(i.disk_read)
    disk_status                              0x08007481   Thumb Code    16  diskio.o(i.disk_status)
    disk_write                               0x08007495   Thumb Code    22  diskio.o(i.disk_write)
    drawAdminDispFrame                       0x080074b1   Thumb Code    30  display.o(i.drawAdminDispFrame)
    drawButton                               0x080074e1   Thumb Code   110  display.o(i.drawButton)
    drawCardFrame                            0x08007555   Thumb Code   290  display.o(i.drawCardFrame)
    drawDisplayFrame                         0x080076ad   Thumb Code   126  display.o(i.drawDisplayFrame)
    drawKeypad                               0x08007749   Thumb Code   174  display.o(i.drawKeypad)
    drawPassKeypad                           0x08007805   Thumb Code   104  display.o(i.drawPassKeypad)
    f_close                                  0x08007875   Thumb Code    42  ff.o(i.f_close)
    f_mount                                  0x080078a1   Thumb Code    88  ff.o(i.f_mount)
    f_open                                   0x080078fd   Thumb Code   418  ff.o(i.f_open)
    f_read                                   0x08007aa5   Thumb Code   396  ff.o(i.f_read)
    f_sync                                   0x08007c31   Thumb Code   184  ff.o(i.f_sync)
    f_write                                  0x08007ce9   Thumb Code   472  ff.o(i.f_write)
    fabs                                     0x08007ec1   Thumb Code    24  fabs.o(i.fabs)
    ft5336_Init                              0x08008209   Thumb Code    16  ft5336.o(i.ft5336_Init)
    ft5336_ReadID                            0x08008219   Thumb Code    58  ft5336.o(i.ft5336_ReadID)
    ft5336_Reset                             0x08008253   Thumb Code     2  ft5336.o(i.ft5336_Reset)
    ft5336_TS_ClearIT                        0x08008255   Thumb Code     2  ft5336.o(i.ft5336_TS_ClearIT)
    ft5336_TS_DetectTouch                    0x08008259   Thumb Code    60  ft5336.o(i.ft5336_TS_DetectTouch)
    ft5336_TS_DisableIT                      0x08008299   Thumb Code    10  ft5336.o(i.ft5336_TS_DisableIT)
    ft5336_TS_EnableIT                       0x080082a3   Thumb Code    10  ft5336.o(i.ft5336_TS_EnableIT)
    ft5336_TS_GetGestureID                   0x080082ad   Thumb Code    30  ft5336.o(i.ft5336_TS_GetGestureID)
    ft5336_TS_GetTouchInfo                   0x080082cd   Thumb Code   200  ft5336.o(i.ft5336_TS_GetTouchInfo)
    ft5336_TS_GetXY                          0x08008399   Thumb Code   282  ft5336.o(i.ft5336_TS_GetXY)
    ft5336_TS_ITStatus                       0x080084b9   Thumb Code     4  ft5336.o(i.ft5336_TS_ITStatus)
    ft5336_TS_Start                          0x080084bd   Thumb Code     4  ft5336.o(i.ft5336_TS_Start)
    getButtonDef                             0x080084c1   Thumb Code   172  display.o(i.getButtonDef)
    getCost                                  0x0800856d   Thumb Code   164  main.o(i.getCost)
    getPasskeyButtonDef                      0x080086b1   Thumb Code   100  display.o(i.getPasskeyButtonDef)
    get_fat                                  0x08008715   Thumb Code   194  ff.o(i.get_fat)
    get_fattime                              0x080087d7   Thumb Code     4  diskio.o(i.get_fattime)
    main                                     0x080088cd   Thumb Code  2032  main.o(i.main)
    osSystickHandler                         0x080091bf   Thumb Code    20  cmsis_os.o(i.osSystickHandler)
    put_fat                                  0x080091f5   Thumb Code   248  ff.o(i.put_fat)
    readFile                                 0x080092ed   Thumb Code    50  database.o(i.readFile)
    sqrt                                     0x08009393   Thumb Code   110  sqrt.o(i.sqrt)
    uxListRemove                             0x08009629   Thumb Code    36  list.o(i.uxListRemove)
    vListInsertEnd                           0x0800964d   Thumb Code    24  list.o(i.vListInsertEnd)
    vTaskSwitchContext                       0x08009665   Thumb Code    86  tasks.o(i.vTaskSwitchContext)
    validateSelection                        0x080096f1   Thumb Code    26  display.o(i.validateSelection)
    writeFile                                0x0800970d   Thumb Code    46  database.o(i.writeFile)
    xPortSysTickHandler                      0x08009741   Thumb Code    42  port.o(i.xPortSysTickHandler)
    xTaskGetSchedulerState                   0x08009771   Thumb Code    22  tasks.o(i.xTaskGetSchedulerState)
    xTaskIncrementTick                       0x0800978d   Thumb Code   198  tasks.o(i.xTaskIncrementTick)
    APBAHBPrescTable                         0x08009864   Data          16  stm32f7xx_hal_rcc.o(.constdata)
    COM_TX_PIN                               0x08009874   Data           2  stm32746g_discovery.o(.constdata)
    COM_RX_PIN                               0x08009876   Data           2  stm32746g_discovery.o(.constdata)
    COM_TX_AF                                0x08009878   Data           2  stm32746g_discovery.o(.constdata)
    COM_RX_AF                                0x0800987a   Data           2  stm32746g_discovery.o(.constdata)
    GPIO_PIN                                 0x0800987c   Data           4  stm32746g_discovery.o(.constdata)
    BUTTON_PIN                               0x08009880   Data           6  stm32746g_discovery.o(.constdata)
    BUTTON_IRQn                              0x08009886   Data           6  stm32746g_discovery.o(.constdata)
    Font24_Table                             0x0800988c   Data        6840  stm32746g_discovery_lcd.o(.constdata)
    SD_Driver                                0x0800b3f0   Data          20  sd_diskio.o(.constdata)
    __mathlib_zero                           0x0800b490   Data           8  qnan.o(.constdata)
    Region$$Table$$Base                      0x0800b49c   Number         0  anon$$obj.o(Region$$Table)
    Region$$Table$$Limit                     0x0800b4bc   Number         0  anon$$obj.o(Region$$Table)
    pxCurrentTCB                             0x20000000   Data           4  tasks.o(.data)
    uartPoop                                 0x20000038   Data           1  stm32f7xx_it.o(.data)
    ft5336_ts_drv                            0x2000003c   Data          40  ft5336.o(.data)
    status                                   0x2000006c   Data           1  main.o(.data)
    state                                    0x2000006d   Data           1  main.o(.data)
    prevState                                0x2000006e   Data           1  main.o(.data)
    selectionPressed                         0x2000006f   Data           1  main.o(.data)
    buttonArea                               0x20000070   Data           1  main.o(.data)
    motorId                                  0x20000071   Data           1  main.o(.data)
    updateBalance                            0x20000072   Data           1  main.o(.data)
    updateCost                               0x20000073   Data           1  main.o(.data)
    updateSelection                          0x20000074   Data           1  main.o(.data)
    clear                                    0x20000075   Data           1  main.o(.data)
    x                                        0x20000076   Data           2  main.o(.data)
    y                                        0x20000078   Data           2  main.o(.data)
    cost                                     0x2000007c   Data           4  main.o(.data)
    lastTouch                                0x20000080   Data           4  main.o(.data)
    baTick                                   0x20000084   Data           4  main.o(.data)
    ind                                      0x20000088   Data           4  main.o(.data)
    amount                                   0x2000008c   Data           4  main.o(.data)
    j                                        0x20000090   Data           4  main.o(.data)
    current_state                            0x20000094   Data           4  main.o(.data)
    tickCount                                0x20000098   Data           4  main.o(.data)
    oneDTick                                 0x2000009c   Data           4  main.o(.data)
    fiveDTick                                0x200000a0   Data           4  main.o(.data)
    tenDTick                                 0x200000a4   Data           4  main.o(.data)
    twentyDTick                              0x200000a8   Data           4  main.o(.data)
    uwPrescalerValue                         0x200000ac   Data           4  main.o(.data)
    fileName                                 0x200000b0   Data           4  main.o(.data)
    amountOnCard                             0x200000b4   Data           4  main.o(.data)
    selectDisp                               0x200000b8   Data           9  main.o(.data)
    administrator                            0x200000c4   Data         216  main.o(.data)
    UartReady                                0x2000019c   Data           1  uart.o(.data)
    UserButtonStatus                         0x200001a0   Data           4  uart.o(.data)
    aTxBuffer                                0x200001a4   Data           6  uart.o(.data)
    aRxBuffer                                0x200001aa   Data           6  uart.o(.data)
    SDPath                                   0x200001b0   Data           4  database.o(.data)
    Font24                                   0x200001bc   Data           8  stm32746g_discovery_lcd.o(.data)
    SystemCoreClock                          0x200001d4   Data           4  system_stm32f7xx.o(.data)
    AHBPrescTable                            0x200001d8   Data          16  system_stm32f7xx.o(.data)
    text                                     0x20000300   Data          30  main.o(.bss)
    item                                     0x2000034c   Data          48  main.o(.bss)
    usr                                      0x2000037c   Data          12  main.o(.bss)
    TimHandle                                0x20000388   Data          60  main.o(.bss)
    UartHandle                               0x200003c4   Data         112  uart.o(.bss)
    SDFatFs                                  0x20000434   Data         560  database.o(.bss)
    MyFile                                   0x20000664   Data         556  database.o(.bss)
    disk                                     0x20000df8   Data          16  ff_gen_drv.o(.bss)
    __initial_sp                             0x20001268   Data           0  startup_stm32f746xx.o(STACK)



==============================================================================

Memory Map of the image

  Image Entry point : 0x080001c9

  Load Region LR_IROM1 (Base: 0x08000000, Size: 0x0000b6b8, Max: 0x00100000, ABSOLUTE, COMPRESSED[0x0000b53c])

    Execution Region ER_IROM1 (Exec base: 0x08000000, Load base: 0x08000000, Size: 0x0000b4bc, Max: 0x00100000, ABSOLUTE)

    Exec Addr    Load Addr    Size         Type   Attr      Idx    E Section Name        Object

    0x08000000   0x08000000   0x000001c8   Data   RO         4949    RESET               startup_stm32f746xx.o
    0x080001c8   0x080001c8   0x00000000   Code   RO         6662  * .ARM.Collect$$$$00000000  mc_w.l(entry.o)
    0x080001c8   0x080001c8   0x00000004   Code   RO         6981    .ARM.Collect$$$$00000001  mc_w.l(entry2.o)
    0x080001cc   0x080001cc   0x00000004   Code   RO         6984    .ARM.Collect$$$$00000004  mc_w.l(entry5.o)
    0x080001d0   0x080001d0   0x00000000   Code   RO         6986    .ARM.Collect$$$$00000008  mc_w.l(entry7b.o)
    0x080001d0   0x080001d0   0x00000000   Code   RO         6988    .ARM.Collect$$$$0000000A  mc_w.l(entry8b.o)
    0x080001d0   0x080001d0   0x00000008   Code   RO         6989    .ARM.Collect$$$$0000000B  mc_w.l(entry9a.o)
    0x080001d8   0x080001d8   0x00000000   Code   RO         6991    .ARM.Collect$$$$0000000D  mc_w.l(entry10a.o)
    0x080001d8   0x080001d8   0x00000000   Code   RO         6993    .ARM.Collect$$$$0000000F  mc_w.l(entry11a.o)
    0x080001d8   0x080001d8   0x00000004   Code   RO         6982    .ARM.Collect$$$$00002712  mc_w.l(entry2.o)
    0x080001dc   0x080001dc   0x000000ba   Code   RO          644    .emb_text           port.o
    0x08000296   0x08000296   0x00000002   PAD
    0x08000298   0x08000298   0x00000024   Code   RO         4950    .text               startup_stm32f746xx.o
    0x080002bc   0x080002bc   0x00000024   Code   RO         6665    .text               mc_w.l(memcpya.o)
    0x080002e0   0x080002e0   0x00000024   Code   RO         6667    .text               mc_w.l(memseta.o)
    0x08000304   0x08000304   0x00000028   Code   RO         6669    .text               mc_w.l(strncat.o)
    0x0800032c   0x0800032c   0x0000014e   Code   RO         6934    .text               mf_w.l(dadd.o)
    0x0800047a   0x0800047a   0x000000e4   Code   RO         6936    .text               mf_w.l(dmul.o)
    0x0800055e   0x0800055e   0x00000022   Code   RO         6938    .text               mf_w.l(dflti.o)
    0x08000580   0x08000580   0x00000026   Code   RO         6940    .text               mf_w.l(f2d.o)
    0x080005a6   0x080005a6   0x00000038   Code   RO         6942    .text               mf_w.l(d2f.o)
    0x080005de   0x080005de   0x0000002c   Code   RO         6998    .text               mc_w.l(uidiv.o)
    0x0800060a   0x0800060a   0x00000062   Code   RO         7000    .text               mc_w.l(uldiv.o)
    0x0800066c   0x0800066c   0x0000001e   Code   RO         7002    .text               mc_w.l(llshl.o)
    0x0800068a   0x0800068a   0x00000024   Code   RO         7004    .text               mc_w.l(llsshr.o)
    0x080006ae   0x080006ae   0x00000000   Code   RO         7013    .text               mc_w.l(iusefp.o)
    0x080006ae   0x080006ae   0x0000006e   Code   RO         7014    .text               mf_w.l(fepilogue.o)
    0x0800071c   0x0800071c   0x000000ba   Code   RO         7016    .text               mf_w.l(depilogue.o)
    0x080007d6   0x080007d6   0x000000de   Code   RO         7018    .text               mf_w.l(ddiv.o)
    0x080008b4   0x080008b4   0x0000002e   Code   RO         7022    .text               mf_w.l(dscalb.o)
    0x080008e2   0x080008e2   0x00000030   Code   RO         7024    .text               mf_w.l(dfixul.o)
    0x08000912   0x08000912   0x00000002   PAD
    0x08000914   0x08000914   0x00000030   Code   RO         7026    .text               mf_w.l(cdrcmple.o)
    0x08000944   0x08000944   0x00000024   Code   RO         7028    .text               mc_w.l(init.o)
    0x08000968   0x08000968   0x00000020   Code   RO         7031    .text               mc_w.l(llushr.o)
    0x08000988   0x08000988   0x000000a2   Code   RO         7034    .text               mf_w.l(dsqrt.o)
    0x08000a2a   0x08000a2a   0x00000056   Code   RO         7046    .text               mc_w.l(__dczerorl2.o)
    0x08000a80   0x08000a80   0x00000038   Code   RO         5173    i.BSP_LCD_Clear     stm32746g_discovery_lcd.o
    0x08000ab8   0x08000ab8   0x00000020   Code   RO         5175    i.BSP_LCD_ClockConfig  stm32746g_discovery_lcd.o
    0x08000ad8   0x08000ad8   0x00000034   Code   RO         5177    i.BSP_LCD_DisplayChar  stm32746g_discovery_lcd.o
    0x08000b0c   0x08000b0c   0x00000034   Code   RO         5179    i.BSP_LCD_DisplayOn  stm32746g_discovery_lcd.o
    0x08000b40   0x08000b40   0x000000c8   Code   RO         5180    i.BSP_LCD_DisplayStringAt  stm32746g_discovery_lcd.o
    0x08000c08   0x08000c08   0x000000c4   Code   RO         5186    i.BSP_LCD_DrawLine  stm32746g_discovery_lcd.o
    0x08000ccc   0x08000ccc   0x00000064   Code   RO         5187    i.BSP_LCD_DrawPixel  stm32746g_discovery_lcd.o
    0x08000d30   0x08000d30   0x0000009c   Code   RO         5194    i.BSP_LCD_FillRect  stm32746g_discovery_lcd.o
    0x08000dcc   0x08000dcc   0x00000020   Code   RO         5198    i.BSP_LCD_GetXSize  stm32746g_discovery_lcd.o
    0x08000dec   0x08000dec   0x00000020   Code   RO         5199    i.BSP_LCD_GetYSize  stm32746g_discovery_lcd.o
    0x08000e0c   0x08000e0c   0x000000a4   Code   RO         5200    i.BSP_LCD_Init      stm32746g_discovery_lcd.o
    0x08000eb0   0x08000eb0   0x00000078   Code   RO         5201    i.BSP_LCD_LayerDefaultInit  stm32746g_discovery_lcd.o
    0x08000f28   0x08000f28   0x00000138   Code   RO         5204    i.BSP_LCD_MspInit   stm32746g_discovery_lcd.o
    0x08001060   0x08001060   0x0000000c   Code   RO         5207    i.BSP_LCD_SelectLayer  stm32746g_discovery_lcd.o
    0x0800106c   0x0800106c   0x0000001c   Code   RO         5208    i.BSP_LCD_SetBackColor  stm32746g_discovery_lcd.o
    0x08001088   0x08001088   0x0000001c   Code   RO         5210    i.BSP_LCD_SetFont   stm32746g_discovery_lcd.o
    0x080010a4   0x080010a4   0x00000018   Code   RO         5214    i.BSP_LCD_SetTextColor  stm32746g_discovery_lcd.o
    0x080010bc   0x080010bc   0x0000000c   Code   RO         5215    i.BSP_LCD_SetTransparency  stm32746g_discovery_lcd.o
    0x080010c8   0x080010c8   0x00000050   Code   RO         4966    i.BSP_LED_Init      stm32746g_discovery.o
    0x08001118   0x08001118   0x0000001c   Code   RO         4967    i.BSP_LED_Off       stm32746g_discovery.o
    0x08001134   0x08001134   0x0000001c   Code   RO         4968    i.BSP_LED_On        stm32746g_discovery.o
    0x08001150   0x08001150   0x0000001c   Code   RO         4969    i.BSP_LED_Toggle    stm32746g_discovery.o
    0x0800116c   0x0800116c   0x00000078   Code   RO         5635    i.BSP_SDRAM_Init    stm32746g_discovery_sdram.o
    0x080011e4   0x080011e4   0x0000008c   Code   RO         5636    i.BSP_SDRAM_Initialization_sequence  stm32746g_discovery_sdram.o
    0x08001270   0x08001270   0x00000164   Code   RO         5638    i.BSP_SDRAM_MspInit  stm32746g_discovery_sdram.o
    0x080013d4   0x080013d4   0x0000000c   Code   RO         5511    i.BSP_SD_DMA_Rx_IRQHandler  stm32746g_discovery_sd.o
    0x080013e0   0x080013e0   0x00000038   Code   RO         5514    i.BSP_SD_Detect_MspInit  stm32746g_discovery_sd.o
    0x08001418   0x08001418   0x0000000c   Code   RO         5516    i.BSP_SD_GetCardInfo  stm32746g_discovery_sd.o
    0x08001424   0x08001424   0x0000000c   Code   RO         5517    i.BSP_SD_GetStatus  stm32746g_discovery_sd.o
    0x08001430   0x08001430   0x0000000c   Code   RO         5518    i.BSP_SD_IRQHandler  stm32746g_discovery_sd.o
    0x0800143c   0x0800143c   0x0000005c   Code   RO         5520    i.BSP_SD_Init       stm32746g_discovery_sd.o
    0x08001498   0x08001498   0x00000024   Code   RO         5521    i.BSP_SD_IsDetected  stm32746g_discovery_sd.o
    0x080014bc   0x080014bc   0x00000148   Code   RO         5523    i.BSP_SD_MspInit    stm32746g_discovery_sd.o
    0x08001604   0x08001604   0x00000020   Code   RO         5524    i.BSP_SD_ReadBlocks  stm32746g_discovery_sd.o
    0x08001624   0x08001624   0x00000020   Code   RO         5526    i.BSP_SD_WriteBlocks  stm32746g_discovery_sd.o
    0x08001644   0x08001644   0x00000170   Code   RO         5721    i.BSP_TS_GetState   stm32746g_discovery_ts.o
    0x080017b4   0x080017b4   0x0000005c   Code   RO         5722    i.BSP_TS_Get_GestureId  stm32746g_discovery_ts.o
    0x08001810   0x08001810   0x00000048   Code   RO         5724    i.BSP_TS_ITConfig   stm32746g_discovery_ts.o
    0x08001858   0x08001858   0x0000003c   Code   RO         5726    i.BSP_TS_Init       stm32746g_discovery_ts.o
    0x08001894   0x08001894   0x00000002   Code   RO          713    i.BusFault_Handler  stm32f7xx_it.o
    0x08001896   0x08001896   0x00000002   PAD
    0x08001898   0x08001898   0x00000074   Code   RO         1312    i.CPU_CACHE_Enable  configurations.o
    0x0800190c   0x0800190c   0x0000008c   Code   RO         2791    i.DMA2D_SetConfig   stm32f7xx_hal_dma2d.o
    0x08001998   0x08001998   0x00000018   Code   RO          714    i.DMA2_Stream1_IRQHandler  stm32f7xx_it.o
    0x080019b0   0x080019b0   0x00000004   Code   RO          715    i.DMA2_Stream3_IRQHandler  stm32f7xx_it.o
    0x080019b4   0x080019b4   0x00000018   Code   RO          716    i.DMA2_Stream6_IRQHandler  stm32f7xx_it.o
    0x080019cc   0x080019cc   0x00000028   Code   RO         1801    i.DMA_CalcBaseAndBitshift  stm32f7xx_hal_dma.o
    0x080019f4   0x080019f4   0x00000002   Code   RO          717    i.DebugMon_Handler  stm32f7xx_it.o
    0x080019f6   0x080019f6   0x00000002   PAD
    0x080019f8   0x080019f8   0x000000b0   Code   RO         5218    i.DrawChar          stm32746g_discovery_lcd.o
    0x08001aa8   0x08001aa8   0x0000004c   Code   RO         1111    i.EXTI15_10_IRQHandler  main.o
    0x08001af4   0x08001af4   0x00000170   Code   RO         1112    i.EXTI9_5_IRQHandler  main.o
    0x08001c64   0x08001c64   0x00000084   Code   RO         1113    i.Error_Handler     main.o
    0x08001ce8   0x08001ce8   0x00000018   Code   RO         1213    i.Error_Handler     uart.o
    0x08001d00   0x08001d00   0x00000014   Code   RO         1457    i.Error_Handler     database.o
    0x08001d14   0x08001d14   0x00000006   Code   RO         6545    i.FATFS_LinkDriver  ff_gen_drv.o
    0x08001d1a   0x08001d1a   0x00000002   PAD
    0x08001d1c   0x08001d1c   0x00000040   Code   RO         6546    i.FATFS_LinkDriverEx  ff_gen_drv.o
    0x08001d5c   0x08001d5c   0x0000005e   Code   RO         3407    i.FMC_SDRAM_Init    stm32f7xx_ll_fmc.o
    0x08001dba   0x08001dba   0x0000000c   Code   RO         3408    i.FMC_SDRAM_ProgramRefreshRate  stm32f7xx_ll_fmc.o
    0x08001dc6   0x08001dc6   0x00000048   Code   RO         3409    i.FMC_SDRAM_SendCommand  stm32f7xx_ll_fmc.o
    0x08001e0e   0x08001e0e   0x00000082   Code   RO         3411    i.FMC_SDRAM_Timing_Init  stm32f7xx_ll_fmc.o
    0x08001e90   0x08001e90   0x000000e0   Code   RO         2796    i.HAL_DMA2D_ConfigLayer  stm32f7xx_hal_dma2d.o
    0x08001f70   0x08001f70   0x0000005a   Code   RO         2803    i.HAL_DMA2D_Init    stm32f7xx_hal_dma2d.o
    0x08001fca   0x08001fca   0x00000002   Code   RO         2805    i.HAL_DMA2D_MspInit  stm32f7xx_hal_dma2d.o
    0x08001fcc   0x08001fcc   0x000000dc   Code   RO         2806    i.HAL_DMA2D_PollForTransfer  stm32f7xx_hal_dma2d.o
    0x080020a8   0x080020a8   0x0000003e   Code   RO         2809    i.HAL_DMA2D_Start   stm32f7xx_hal_dma2d.o
    0x080020e6   0x080020e6   0x00000056   Code   RO         1804    i.HAL_DMA_DeInit    stm32f7xx_hal_dma.o
    0x0800213c   0x0800213c   0x00000198   Code   RO         1807    i.HAL_DMA_IRQHandler  stm32f7xx_hal_dma.o
    0x080022d4   0x080022d4   0x0000008c   Code   RO         1808    i.HAL_DMA_Init      stm32f7xx_hal_dma.o
    0x08002360   0x08002360   0x00000016   Code   RO         1509    i.HAL_Delay         stm32f7xx_hal.o
    0x08002376   0x08002376   0x00000002   PAD
    0x08002378   0x08002378   0x000001d8   Code   RO         1887    i.HAL_GPIO_Init     stm32f7xx_hal_gpio.o
    0x08002550   0x08002550   0x0000000a   Code   RO         1889    i.HAL_GPIO_ReadPin  stm32f7xx_hal_gpio.o
    0x0800255a   0x0800255a   0x00000008   Code   RO         1890    i.HAL_GPIO_TogglePin  stm32f7xx_hal_gpio.o
    0x08002562   0x08002562   0x0000000a   Code   RO         1891    i.HAL_GPIO_WritePin  stm32f7xx_hal_gpio.o
    0x0800256c   0x0800256c   0x0000000c   Code   RO         1517    i.HAL_GetTick       stm32f7xx_hal.o
    0x08002578   0x08002578   0x0000002e   Code   RO         1950    i.HAL_I2C_DeInit    stm32f7xx_hal_i2c.o
    0x080025a6   0x080025a6   0x00000006   Code   RO         1955    i.HAL_I2C_GetState  stm32f7xx_hal_i2c.o
    0x080025ac   0x080025ac   0x000000ac   Code   RO         1956    i.HAL_I2C_Init      stm32f7xx_hal_i2c.o
    0x08002658   0x08002658   0x00000110   Code   RO         1968    i.HAL_I2C_Mem_Read  stm32f7xx_hal_i2c.o
    0x08002768   0x08002768   0x00000110   Code   RO         1971    i.HAL_I2C_Mem_Write  stm32f7xx_hal_i2c.o
    0x08002878   0x08002878   0x00000002   Code   RO         1974    i.HAL_I2C_MspDeInit  stm32f7xx_hal_i2c.o
    0x0800287a   0x0800287a   0x00000002   Code   RO         1975    i.HAL_I2C_MspInit   stm32f7xx_hal_i2c.o
    0x0800287c   0x0800287c   0x00000010   Code   RO         1518    i.HAL_IncTick       stm32f7xx_hal.o
    0x0800288c   0x0800288c   0x00000024   Code   RO         1519    i.HAL_Init          stm32f7xx_hal.o
    0x080028b0   0x080028b0   0x00000022   Code   RO         1520    i.HAL_InitTick      stm32f7xx_hal.o
    0x080028d2   0x080028d2   0x00000052   Code   RO         3640    i.HAL_LTDC_ConfigLayer  stm32f7xx_hal_ltdc.o
    0x08002924   0x08002924   0x00000006   Code   RO         3650    i.HAL_LTDC_GetState  stm32f7xx_hal_ltdc.o
    0x0800292a   0x0800292a   0x00000002   PAD
    0x0800292c   0x0800292c   0x00000100   Code   RO         3652    i.HAL_LTDC_Init     stm32f7xx_hal_ltdc.o
    0x08002a2c   0x08002a2c   0x00000002   Code   RO         3655    i.HAL_LTDC_MspInit  stm32f7xx_hal_ltdc.o
    0x08002a2e   0x08002a2e   0x00000044   Code   RO         3658    i.HAL_LTDC_SetAlpha  stm32f7xx_hal_ltdc.o
    0x08002a72   0x08002a72   0x00000008   Code   RO         1522    i.HAL_MspInit       stm32f7xx_hal.o
    0x08002a7a   0x08002a7a   0x00000016   Code   RO         1681    i.HAL_NVIC_EnableIRQ  stm32f7xx_hal_cortex.o
    0x08002a90   0x08002a90   0x00000040   Code   RO         1687    i.HAL_NVIC_SetPriority  stm32f7xx_hal_cortex.o
    0x08002ad0   0x08002ad0   0x00000024   Code   RO         1688    i.HAL_NVIC_SetPriorityGrouping  stm32f7xx_hal_cortex.o
    0x08002af4   0x08002af4   0x0000006c   Code   RO         2307    i.HAL_PWREx_EnableOverDrive  stm32f7xx_hal_pwr_ex.o
    0x08002b60   0x08002b60   0x000006b0   Code   RO         2500    i.HAL_RCCEx_PeriphCLKConfig  stm32f7xx_hal_rcc_ex.o
    0x08003210   0x08003210   0x000001cc   Code   RO         2394    i.HAL_RCC_ClockConfig  stm32f7xx_hal_rcc.o
    0x080033dc   0x080033dc   0x00000034   Code   RO         2399    i.HAL_RCC_GetHCLKFreq  stm32f7xx_hal_rcc.o
    0x08003410   0x08003410   0x00000084   Code   RO         2403    i.HAL_RCC_GetSysClockFreq  stm32f7xx_hal_rcc.o
    0x08003494   0x08003494   0x000003a4   Code   RO         2406    i.HAL_RCC_OscConfig  stm32f7xx_hal_rcc.o
    0x08003838   0x08003838   0x00000042   Code   RO         3242    i.HAL_SDRAM_Init    stm32f7xx_hal_sdram.o
    0x0800387a   0x0800387a   0x00000002   Code   RO         3244    i.HAL_SDRAM_MspInit  stm32f7xx_hal_sdram.o
    0x0800387c   0x0800387c   0x00000022   Code   RO         3245    i.HAL_SDRAM_ProgramRefreshRate  stm32f7xx_hal_sdram.o
    0x0800389e   0x0800389e   0x00000002   PAD
    0x080038a0   0x080038a0   0x00000030   Code   RO         3251    i.HAL_SDRAM_SendCommand  stm32f7xx_hal_sdram.o
    0x080038d0   0x080038d0   0x0000004e   Code   RO         3007    i.HAL_SD_GetStatus  stm32f7xx_hal_sd.o
    0x0800391e   0x0800391e   0x00000002   PAD
    0x08003920   0x08003920   0x000002ba   Code   RO         3008    i.HAL_SD_Get_CardInfo  stm32f7xx_hal_sd.o
    0x08003bda   0x08003bda   0x00000068   Code   RO         3010    i.HAL_SD_IRQHandler  stm32f7xx_hal_sd.o
    0x08003c42   0x08003c42   0x0000009c   Code   RO         3011    i.HAL_SD_Init       stm32f7xx_hal_sd.o
    0x08003cde   0x08003cde   0x00000002   Code   RO         3013    i.HAL_SD_MspInit    stm32f7xx_hal_sd.o
    0x08003ce0   0x08003ce0   0x00000170   Code   RO         3014    i.HAL_SD_ReadBlocks  stm32f7xx_hal_sd.o
    0x08003e50   0x08003e50   0x0000002a   Code   RO         3017    i.HAL_SD_StopTransfer  stm32f7xx_hal_sd.o
    0x08003e7a   0x08003e7a   0x0000005e   Code   RO         3018    i.HAL_SD_WideBusOperation_Config  stm32f7xx_hal_sd.o
    0x08003ed8   0x08003ed8   0x000001c6   Code   RO         3019    i.HAL_SD_WriteBlocks  stm32f7xx_hal_sd.o
    0x0800409e   0x0800409e   0x00000002   Code   RO         3021    i.HAL_SD_XferCpltCallback  stm32f7xx_hal_sd.o
    0x080040a0   0x080040a0   0x00000002   Code   RO         3022    i.HAL_SD_XferErrorCallback  stm32f7xx_hal_sd.o
    0x080040a2   0x080040a2   0x00000026   Code   RO         1692    i.HAL_SYSTICK_Config  stm32f7xx_hal_cortex.o
    0x080040c8   0x080040c8   0x00000030   Code   RO         3925    i.HAL_TIM_Base_Init  stm32f7xx_hal_tim.o
    0x080040f8   0x080040f8   0x00000002   Code   RO         3927    i.HAL_TIM_Base_MspInit  stm32f7xx_hal_tim.o
    0x080040fa   0x080040fa   0x00000018   Code   RO         3930    i.HAL_TIM_Base_Start_IT  stm32f7xx_hal_tim.o
    0x08004112   0x08004112   0x00000004   Code   RO         1215    i.HAL_UART_ErrorCallback  uart.o
    0x08004116   0x08004116   0x000000ea   Code   RO         2550    i.HAL_UART_IRQHandler  stm32f7xx_hal_uart.o
    0x08004200   0x08004200   0x0000000c   Code   RO         1216    i.HAL_UART_RxCpltCallback  uart.o
    0x0800420c   0x0800420c   0x0000000c   Code   RO         1217    i.HAL_UART_TxCpltCallback  uart.o
    0x08004218   0x08004218   0x00000002   Code   RO          718    i.HardFault_Handler  stm32f7xx_it.o
    0x0800421a   0x0800421a   0x00000002   PAD
    0x0800421c   0x0800421c   0x00000080   Code   RO         1991    i.I2C_IsAcknowledgeFailed  stm32f7xx_hal_i2c.o
    0x0800429c   0x0800429c   0x00000066   Code   RO         1994    i.I2C_RequestMemoryRead  stm32f7xx_hal_i2c.o
    0x08004302   0x08004302   0x00000066   Code   RO         1995    i.I2C_RequestMemoryWrite  stm32f7xx_hal_i2c.o
    0x08004368   0x08004368   0x00000024   Code   RO         1998    i.I2C_TransferConfig  stm32f7xx_hal_i2c.o
    0x0800438c   0x0800438c   0x0000006e   Code   RO         1999    i.I2C_WaitOnFlagUntilTimeout  stm32f7xx_hal_i2c.o
    0x080043fa   0x080043fa   0x0000004e   Code   RO         2001    i.I2C_WaitOnSTOPFlagUntilTimeout  stm32f7xx_hal_i2c.o
    0x08004448   0x08004448   0x00000052   Code   RO         2002    i.I2C_WaitOnTXISFlagUntilTimeout  stm32f7xx_hal_i2c.o
    0x0800449a   0x0800449a   0x00000012   Code   RO         4981    i.I2Cx_Error        stm32746g_discovery.o
    0x080044ac   0x080044ac   0x00000050   Code   RO         4982    i.I2Cx_Init         stm32746g_discovery.o
    0x080044fc   0x080044fc   0x00000124   Code   RO         4983    i.I2Cx_MspInit      stm32746g_discovery.o
    0x08004620   0x08004620   0x0000002a   Code   RO         4984    i.I2Cx_ReadMultiple  stm32746g_discovery.o
    0x0800464a   0x0800464a   0x0000002a   Code   RO         4985    i.I2Cx_WriteMultiple  stm32746g_discovery.o
    0x08004674   0x08004674   0x0000005a   Code   RO         1355    i.LCD_Configuration  display.o
    0x080046ce   0x080046ce   0x00000002   PAD
    0x080046d0   0x080046d0   0x00000080   Code   RO         5221    i.LL_FillBuffer     stm32746g_discovery_lcd.o
    0x08004750   0x08004750   0x000001d0   Code   RO         3662    i.LTDC_SetConfig    stm32f7xx_hal_ltdc.o
    0x08004920   0x08004920   0x00000002   Code   RO          719    i.MemManage_Handler  stm32f7xx_it.o
    0x08004922   0x08004922   0x00000002   Code   RO          720    i.NMI_Handler       stm32f7xx_it.o
    0x08004924   0x08004924   0x00000022   Code   RO         1694    i.NVIC_SetPriority  stm32f7xx_hal_cortex.o
    0x08004946   0x08004946   0x00000004   Code   RO          721    i.SDMMC1_IRQHandler  stm32f7xx_it.o
    0x0800494a   0x0800494a   0x00000026   Code   RO         3542    i.SDMMC_DataConfig  stm32f7xx_ll_sdmmc.o
    0x08004970   0x08004970   0x00000006   Code   RO         3543    i.SDMMC_GetCommandResponse  stm32f7xx_ll_sdmmc.o
    0x08004976   0x08004976   0x00000008   Code   RO         3546    i.SDMMC_GetPowerState  stm32f7xx_ll_sdmmc.o
    0x0800497e   0x0800497e   0x0000000c   Code   RO         3547    i.SDMMC_GetResponse  stm32f7xx_ll_sdmmc.o
    0x0800498a   0x0800498a   0x00000022   Code   RO         3548    i.SDMMC_Init        stm32f7xx_ll_sdmmc.o
    0x080049ac   0x080049ac   0x00000008   Code   RO         3550    i.SDMMC_PowerState_ON  stm32f7xx_ll_sdmmc.o
    0x080049b4   0x080049b4   0x00000006   Code   RO         3551    i.SDMMC_ReadFIFO    stm32f7xx_ll_sdmmc.o
    0x080049ba   0x080049ba   0x00000022   Code   RO         3552    i.SDMMC_SendCommand  stm32f7xx_ll_sdmmc.o
    0x080049dc   0x080049dc   0x0000000a   Code   RO         3554    i.SDMMC_WriteFIFO   stm32f7xx_ll_sdmmc.o
    0x080049e6   0x080049e6   0x00000002   PAD
    0x080049e8   0x080049e8   0x000000ec   Code   RO         3023    i.SD_CmdResp1Error  stm32f7xx_hal_sd.o
    0x08004ad4   0x08004ad4   0x0000002c   Code   RO         3024    i.SD_CmdResp2Error  stm32f7xx_hal_sd.o
    0x08004b00   0x08004b00   0x00000074   Code   RO         3025    i.SD_CmdResp6Error  stm32f7xx_hal_sd.o
    0x08004b74   0x08004b74   0x00000040   Code   RO         3026    i.SD_CmdResp7Error  stm32f7xx_hal_sd.o
    0x08004bb4   0x08004bb4   0x000000f8   Code   RO         3031    i.SD_FindSCR        stm32f7xx_hal_sd.o
    0x08004cac   0x08004cac   0x000000f4   Code   RO         3032    i.SD_Initialize_Cards  stm32f7xx_hal_sd.o
    0x08004da0   0x08004da0   0x00000140   Code   RO         3033    i.SD_IsCardProgramming  stm32f7xx_hal_sd.o
    0x08004ee0   0x08004ee0   0x00000180   Code   RO         3034    i.SD_PowerON        stm32f7xx_hal_sd.o
    0x08005060   0x08005060   0x00000076   Code   RO         3035    i.SD_WideBus_Disable  stm32f7xx_hal_sd.o
    0x080050d6   0x080050d6   0x00000078   Code   RO         3036    i.SD_WideBus_Enable  stm32f7xx_hal_sd.o
    0x0800514e   0x0800514e   0x00000002   PAD
    0x08005150   0x08005150   0x00000020   Code   RO         6595    i.SD_initialize     sd_diskio.o
    0x08005170   0x08005170   0x00000054   Code   RO         6596    i.SD_ioctl          sd_diskio.o
    0x080051c4   0x080051c4   0x0000001e   Code   RO         6597    i.SD_read           sd_diskio.o
    0x080051e2   0x080051e2   0x00000002   PAD
    0x080051e4   0x080051e4   0x00000020   Code   RO         6598    i.SD_status         sd_diskio.o
    0x08005204   0x08005204   0x0000001e   Code   RO         6599    i.SD_write          sd_diskio.o
    0x08005222   0x08005222   0x0000000e   Code   RO          722    i.SysTick_Handler   stm32f7xx_it.o
    0x08005230   0x08005230   0x0000005e   Code   RO         1314    i.SystemClock_Config  configurations.o
    0x0800528e   0x0800528e   0x00000002   PAD
    0x08005290   0x08005290   0x00000054   Code   RO         5790    i.SystemInit        system_stm32f7xx.o
    0x080052e4   0x080052e4   0x0000002c   Code   RO         1114    i.TIM7_IRQHandler   main.o
    0x08005310   0x08005310   0x00000074   Code   RO         1115    i.TIM7_Init         main.o
    0x08005384   0x08005384   0x000000c4   Code   RO         4009    i.TIM_Base_SetConfig  stm32f7xx_hal_tim.o
    0x08005448   0x08005448   0x00000004   Code   RO         4986    i.TS_IO_Delay       stm32746g_discovery.o
    0x0800544c   0x0800544c   0x0000000c   Code   RO         4987    i.TS_IO_Init        stm32746g_discovery.o
    0x08005458   0x08005458   0x00000028   Code   RO         4988    i.TS_IO_Read        stm32746g_discovery.o
    0x08005480   0x08005480   0x00000020   Code   RO         4989    i.TS_IO_Write       stm32746g_discovery.o
    0x080054a0   0x080054a0   0x00000094   Code   RO         2571    i.UART_Receive_IT   stm32f7xx_hal_uart.o
    0x08005534   0x08005534   0x00000092   Code   RO         2573    i.UART_Transmit_IT  stm32f7xx_hal_uart.o
    0x080055c6   0x080055c6   0x00000092   Code   RO         2574    i.UART_WaitOnFlagUntilTimeout  stm32f7xx_hal_uart.o
    0x08005658   0x08005658   0x0000000c   Code   RO          723    i.USART6_IRQHandler  stm32f7xx_it.o
    0x08005664   0x08005664   0x00000002   Code   RO          724    i.UsageFault_Handler  stm32f7xx_it.o
    0x08005666   0x08005666   0x00000002   PAD
    0x08005668   0x08005668   0x00000028   Code   RO         6908    i.__0sprintf        mc_w.l(printfa.o)
    0x08005690   0x08005690   0x00000030   Code   RO         6964    i.__ARM_fpclassify  m_wm.l(fpclassify.o)
    0x080056c0   0x080056c0   0x00000c50   Code   RO         6648    i.__hardfp_pow      m_wm.l(pow.o)
    0x08006310   0x08006310   0x000000f8   Code   RO         6966    i.__kernel_poly     m_wm.l(poly.o)
    0x08006408   0x08006408   0x00000030   Code   RO         6944    i.__mathlib_dbl_divzero  m_wm.l(dunder.o)
    0x08006438   0x08006438   0x00000014   Code   RO         6946    i.__mathlib_dbl_infnan2  m_wm.l(dunder.o)
    0x0800644c   0x0800644c   0x00000004   PAD
    0x08006450   0x08006450   0x00000020   Code   RO         6947    i.__mathlib_dbl_invalid  m_wm.l(dunder.o)
    0x08006470   0x08006470   0x00000020   Code   RO         6948    i.__mathlib_dbl_overflow  m_wm.l(dunder.o)
    0x08006490   0x08006490   0x00000020   Code   RO         6950    i.__mathlib_dbl_underflow  m_wm.l(dunder.o)
    0x080064b0   0x080064b0   0x0000000e   Code   RO         7040    i.__scatterload_copy  mc_w.l(handlers.o)
    0x080064be   0x080064be   0x00000002   Code   RO         7041    i.__scatterload_null  mc_w.l(handlers.o)
    0x080064c0   0x080064c0   0x0000000e   Code   RO         7042    i.__scatterload_zeroinit  mc_w.l(handlers.o)
    0x080064ce   0x080064ce   0x00000002   PAD
    0x080064d0   0x080064d0   0x0000000c   Code   RO         7008    i.__set_errno       mc_w.l(errno.o)
    0x080064dc   0x080064dc   0x00000184   Code   RO         6913    i._fp_digits        mc_w.l(printfa.o)
    0x08006660   0x08006660   0x000006dc   Code   RO         6914    i._printf_core      mc_w.l(printfa.o)
    0x08006d3c   0x08006d3c   0x00000024   Code   RO         6915    i._printf_post_padding  mc_w.l(printfa.o)
    0x08006d60   0x08006d60   0x0000002e   Code   RO         6916    i._printf_pre_padding  mc_w.l(printfa.o)
    0x08006d8e   0x08006d8e   0x0000000a   Code   RO         6918    i._sputc            mc_w.l(printfa.o)
    0x08006d98   0x08006d98   0x0000008c   Code   RO         1116    i.billAcceptorInit  main.o
    0x08006e24   0x08006e24   0x00000066   Code   RO         1356    i.checkButton       display.o
    0x08006e8a   0x08006e8a   0x00000002   PAD
    0x08006e8c   0x08006e8c   0x00000060   Code   RO         6224    i.check_fs          ff.o
    0x08006eec   0x08006eec   0x0000006c   Code   RO         6225    i.chk_lock          ff.o
    0x08006f58   0x08006f58   0x00000016   Code   RO         1358    i.clearScreen       display.o
    0x08006f6e   0x08006f6e   0x00000002   PAD
    0x08006f70   0x08006f70   0x00000024   Code   RO         6226    i.clear_lock        ff.o
    0x08006f94   0x08006f94   0x0000002a   Code   RO         6227    i.clmt_clust        ff.o
    0x08006fbe   0x08006fbe   0x0000001e   Code   RO         6228    i.clust2sect        ff.o
    0x08006fdc   0x08006fdc   0x000000b2   Code   RO         6229    i.create_chain      ff.o
    0x0800708e   0x0800708e   0x00000002   PAD
    0x08007090   0x08007090   0x00000100   Code   RO         6230    i.create_name       ff.o
    0x08007190   0x08007190   0x00000030   Code   RO         1458    i.databaseInit      database.o
    0x080071c0   0x080071c0   0x0000003c   Code   RO         6231    i.dec_lock          ff.o
    0x080071fc   0x080071fc   0x0000011e   Code   RO         6232    i.dir_next          ff.o
    0x0800731a   0x0800731a   0x00000076   Code   RO         6234    i.dir_register      ff.o
    0x08007390   0x08007390   0x00000094   Code   RO         6236    i.dir_sdi           ff.o
    0x08007424   0x08007424   0x00000028   Code   RO         6169    i.disk_initialize   diskio.o
    0x0800744c   0x0800744c   0x00000018   Code   RO         6170    i.disk_ioctl        diskio.o
    0x08007464   0x08007464   0x0000001c   Code   RO         6171    i.disk_read         diskio.o
    0x08007480   0x08007480   0x00000014   Code   RO         6172    i.disk_status       diskio.o
    0x08007494   0x08007494   0x0000001c   Code   RO         6173    i.disk_write        diskio.o
    0x080074b0   0x080074b0   0x00000030   Code   RO         1360    i.drawAdminDispFrame  display.o
    0x080074e0   0x080074e0   0x00000074   Code   RO         1361    i.drawButton        display.o
    0x08007554   0x08007554   0x00000158   Code   RO         1362    i.drawCardFrame     display.o
    0x080076ac   0x080076ac   0x0000009c   Code   RO         1363    i.drawDisplayFrame  display.o
    0x08007748   0x08007748   0x000000bc   Code   RO         1364    i.drawKeypad        display.o
    0x08007804   0x08007804   0x00000070   Code   RO         1365    i.drawPassKeypad    display.o
    0x08007874   0x08007874   0x0000002a   Code   RO         6238    i.f_close           ff.o
    0x0800789e   0x0800789e   0x00000002   PAD
    0x080078a0   0x080078a0   0x0000005c   Code   RO         6245    i.f_mount           ff.o
    0x080078fc   0x080078fc   0x000001a8   Code   RO         6246    i.f_open            ff.o
    0x08007aa4   0x08007aa4   0x0000018c   Code   RO         6251    i.f_read            ff.o
    0x08007c30   0x08007c30   0x000000b8   Code   RO         6255    i.f_sync            ff.o
    0x08007ce8   0x08007ce8   0x000001d8   Code   RO         6259    i.f_write           ff.o
    0x08007ec0   0x08007ec0   0x00000018   Code   RO         6960    i.fabs              m_wm.l(fabs.o)
    0x08007ed8   0x08007ed8   0x00000258   Code   RO         6260    i.find_volume       ff.o
    0x08008130   0x08008130   0x000000c0   Code   RO         6261    i.follow_path       ff.o
    0x080081f0   0x080081f0   0x00000018   Code   RO         1015    i.ft5336_I2C_InitializeIfRequired  ft5336.o
    0x08008208   0x08008208   0x00000010   Code   RO         1016    i.ft5336_Init       ft5336.o
    0x08008218   0x08008218   0x0000003a   Code   RO         1017    i.ft5336_ReadID     ft5336.o
    0x08008252   0x08008252   0x00000002   Code   RO         1018    i.ft5336_Reset      ft5336.o
    0x08008254   0x08008254   0x00000002   Code   RO         1019    i.ft5336_TS_ClearIT  ft5336.o
    0x08008256   0x08008256   0x00000002   PAD
    0x08008258   0x08008258   0x00000040   Code   RO         1020    i.ft5336_TS_DetectTouch  ft5336.o
    0x08008298   0x08008298   0x0000000a   Code   RO         1021    i.ft5336_TS_DisableIT  ft5336.o
    0x080082a2   0x080082a2   0x0000000a   Code   RO         1022    i.ft5336_TS_EnableIT  ft5336.o
    0x080082ac   0x080082ac   0x0000001e   Code   RO         1023    i.ft5336_TS_GetGestureID  ft5336.o
    0x080082ca   0x080082ca   0x00000002   PAD
    0x080082cc   0x080082cc   0x000000cc   Code   RO         1024    i.ft5336_TS_GetTouchInfo  ft5336.o
    0x08008398   0x08008398   0x00000120   Code   RO         1025    i.ft5336_TS_GetXY   ft5336.o
    0x080084b8   0x080084b8   0x00000004   Code   RO         1026    i.ft5336_TS_ITStatus  ft5336.o
    0x080084bc   0x080084bc   0x00000004   Code   RO         1027    i.ft5336_TS_Start   ft5336.o
    0x080084c0   0x080084c0   0x000000ac   Code   RO         1366    i.getButtonDef      display.o
    0x0800856c   0x0800856c   0x000000ac   Code   RO         1117    i.getCost           main.o
    0x08008618   0x08008618   0x00000098   Code   RO         1118    i.getItemId         main.o
    0x080086b0   0x080086b0   0x00000064   Code   RO         1367    i.getPasskeyButtonDef  display.o
    0x08008714   0x08008714   0x000000c2   Code   RO         6262    i.get_fat           ff.o
    0x080087d6   0x080087d6   0x00000004   Code   RO         6174    i.get_fattime       diskio.o
    0x080087da   0x080087da   0x0000003c   Code   RO         6264    i.get_ldnumber      ff.o
    0x08008816   0x08008816   0x00000002   PAD
    0x08008818   0x08008818   0x000000a0   Code   RO         6265    i.inc_lock          ff.o
    0x080088b8   0x080088b8   0x00000012   Code   RO         6266    i.ld_clust          ff.o
    0x080088ca   0x080088ca   0x00000002   PAD
    0x080088cc   0x080088cc   0x00000804   Code   RO         1119    i.main              main.o
    0x080090d0   0x080090d0   0x00000012   Code   RO         6267    i.mem_cpy           ff.o
    0x080090e2   0x080090e2   0x0000000e   Code   RO         6268    i.mem_set           ff.o
    0x080090f0   0x080090f0   0x00000098   Code   RO         1120    i.motorPinsInit     main.o
    0x08009188   0x08009188   0x00000036   Code   RO         6269    i.move_window       ff.o
    0x080091be   0x080091be   0x00000014   Code   RO         5859    i.osSystickHandler  cmsis_os.o
    0x080091d2   0x080091d2   0x00000002   PAD
    0x080091d4   0x080091d4   0x00000020   Code   RO          324    i.prvResetNextTaskUnblockTime  tasks.o
    0x080091f4   0x080091f4   0x000000f8   Code   RO         6270    i.put_fat           ff.o
    0x080092ec   0x080092ec   0x00000038   Code   RO         1459    i.readFile          database.o
    0x08009324   0x08009324   0x0000006e   Code   RO         6272    i.remove_chain      ff.o
    0x08009392   0x08009392   0x0000006e   Code   RO         6971    i.sqrt              m_wm.l(sqrt.o)
    0x08009400   0x08009400   0x00000012   Code   RO         6273    i.st_clust          ff.o
    0x08009412   0x08009412   0x000000c2   Code   RO         6274    i.sync_fs           ff.o
    0x080094d4   0x080094d4   0x00000060   Code   RO         6275    i.sync_window       ff.o
    0x08009534   0x08009534   0x000000f4   Code   RO         1121    i.turnMotor         main.o
    0x08009628   0x08009628   0x00000024   Code   RO          135    i.uxListRemove      list.o
    0x0800964c   0x0800964c   0x00000018   Code   RO          139    i.vListInsertEnd    list.o
    0x08009664   0x08009664   0x00000060   Code   RO          347    i.vTaskSwitchContext  tasks.o
    0x080096c4   0x080096c4   0x0000002c   Code   RO         6276    i.validate          ff.o
    0x080096f0   0x080096f0   0x0000001a   Code   RO         1368    i.validateSelection  display.o
    0x0800970a   0x0800970a   0x00000002   PAD
    0x0800970c   0x0800970c   0x00000034   Code   RO         1460    i.writeFile         database.o
    0x08009740   0x08009740   0x00000030   Code   RO          653    i.xPortSysTickHandler  port.o
    0x08009770   0x08009770   0x0000001c   Code   RO          352    i.xTaskGetSchedulerState  tasks.o
    0x0800978c   0x0800978c   0x000000d0   Code   RO          355    i.xTaskIncrementTick  tasks.o
    0x0800985c   0x0800985c   0x00000008   Data   RO         1812    .constdata          stm32f7xx_hal_dma.o
    0x08009864   0x08009864   0x00000010   Data   RO         2407    .constdata          stm32f7xx_hal_rcc.o
    0x08009874   0x08009874   0x00000018   Data   RO         4991    .constdata          stm32746g_discovery.o
    0x0800988c   0x0800988c   0x00001ab8   Data   RO         5223    .constdata          stm32746g_discovery_lcd.o
    0x0800b344   0x0800b344   0x000000ac   Data   RO         6278    .constdata          ff.o
    0x0800b3f0   0x0800b3f0   0x00000014   Data   RO         6600    .constdata          sd_diskio.o
    0x0800b404   0x0800b404   0x00000004   PAD
    0x0800b408   0x0800b408   0x00000088   Data   RO         6651    .constdata          m_wm.l(pow.o)
    0x0800b490   0x0800b490   0x00000008   Data   RO         6968    .constdata          m_wm.l(qnan.o)
    0x0800b498   0x0800b498   0x00000003   Data   RO         1123    .conststring        main.o
    0x0800b49b   0x0800b49b   0x00000001   PAD
    0x0800b49c   0x0800b49c   0x00000020   Data   RO         7038    Region$$Table       anon$$obj.o


    Execution Region RW_IRAM1 (Exec base: 0x20000000, Load base: 0x0800b4bc, Size: 0x00001268, Max: 0x00050000, ABSOLUTE, COMPRESSED[0x00000080])

    Exec Addr    Load Addr    Size         Type   Attr      Idx    E Section Name        Object

    0x20000000   COMPRESSED   0x00000038   Data   RW          364    .data               tasks.o
    0x20000038   COMPRESSED   0x00000001   Data   RW          725    .data               stm32f7xx_it.o
    0x20000039   COMPRESSED   0x00000003   PAD
    0x2000003c   COMPRESSED   0x00000028   Data   RW         1028    .data               ft5336.o
    0x20000064   COMPRESSED   0x00000005   Data   RW         1029    .data               ft5336.o
    0x20000069   COMPRESSED   0x00000003   PAD
    0x2000006c   COMPRESSED   0x00000055   Data   RW         1125    .data               main.o
    0x200000c1   COMPRESSED   0x00000003   PAD
    0x200000c4   COMPRESSED   0x000000d8   Data   RW         1132    .data               main.o
    0x2000019c   COMPRESSED   0x00000014   Data   RW         1221    .data               uart.o
    0x200001b0   COMPRESSED   0x00000004   Data   RW         1462    .data               database.o
    0x200001b4   COMPRESSED   0x00000004   Data   RW         1525    .data               stm32f7xx_hal.o
    0x200001b8   COMPRESSED   0x0000000c   Data   RW         5228    .data               stm32746g_discovery_lcd.o
    0x200001c4   COMPRESSED   0x00000002   Data   RW         5645    .data               stm32746g_discovery_sdram.o
    0x200001c6   COMPRESSED   0x00000002   PAD
    0x200001c8   COMPRESSED   0x0000000c   Data   RW         5729    .data               stm32746g_discovery_ts.o
    0x200001d4   COMPRESSED   0x00000014   Data   RW         5791    .data               system_stm32f7xx.o
    0x200001e8   COMPRESSED   0x0000000c   Data   RW         6279    .data               ff.o
    0x200001f4   COMPRESSED   0x00000001   Data   RW         6601    .data               sd_diskio.o
    0x200001f5   COMPRESSED   0x00000003   PAD
    0x200001f8   COMPRESSED   0x00000004   Data   RW         7009    .data               mc_w.l(errno.o)
    0x200001fc        -       0x00000104   Zero   RW          363    .bss                tasks.o
    0x20000300        -       0x000000c4   Zero   RW         1122    .bss                main.o
    0x200003c4        -       0x00000070   Zero   RW         1220    .bss                uart.o
    0x20000434        -       0x0000045c   Zero   RW         1461    .bss                database.o
    0x20000890        -       0x00000078   Zero   RW         4990    .bss                stm32746g_discovery.o
    0x20000908        -       0x00000184   Zero   RW         5222    .bss                stm32746g_discovery_lcd.o
    0x20000a8c   COMPRESSED   0x00000004   PAD
    0x20000a90        -       0x00000218   Zero   RW         5528    .bss                stm32746g_discovery_sd.o
    0x20000ca8        -       0x00000110   Zero   RW         5644    .bss                stm32746g_discovery_sdram.o
    0x20000db8        -       0x00000028   Zero   RW         5728    .bss                stm32746g_discovery_ts.o
    0x20000de0        -       0x00000018   Zero   RW         6277    .bss                ff.o
    0x20000df8        -       0x00000010   Zero   RW         6549    .bss                ff_gen_drv.o
    0x20000e08        -       0x00000460   Zero   RW         4947    STACK               startup_stm32f746xx.o


==============================================================================

Image component sizes


      Code (inc. data)   RO Data    RW Data    ZI Data      Debug   Object Name

        20          0          0          0          0        607   cmsis_os.o
       210          8          0          0          0      33063   configurations.o
         0          0          0          0          0      10520   croutine.o
       176         26          0          4       1116       2862   database.o
       144         26          0          0          0       4243   diskio.o
      1476        154          0          0          0       8848   display.o
         0          0          0          0          0       7888   event_groups.o
      4988         72        172         12         24      34719   ff.o
        70          4          0          0         16       1671   ff_gen_drv.o
       716         38          0         45          0      15855   ft5336.o
        60          0          0          0          0       1680   list.o
      3648        338          3        301        196      11594   main.o
       234         22          0          0          0       1562   port.o
       208         16         20          1          0       4296   sd_diskio.o
        36          8        456          0       1120        800   startup_stm32f746xx.o
       726         98         24          0        120      10151   stm32746g_discovery.o
      1912        206       6840         12        388      21812   stm32746g_discovery_lcd.o
       624         74          0          0        536       7894   stm32746g_discovery_sd.o
       616         54          0          2        272       4330   stm32746g_discovery_sdram.o
       592         36          0         12         40       4185   stm32746g_discovery_ts.o
       128         16          0          4          0       4268   stm32f7xx_hal.o
       194         12          0          0          0      35487   stm32f7xx_hal_cortex.o
       674         16          8          0          0       3709   stm32f7xx_hal_dma.o
       738          6          0          0          0       5615   stm32f7xx_hal_dma2d.o
       500         54          0          0          0       3828   stm32f7xx_hal_gpio.o
      1410         24          0          0          0      12640   stm32f7xx_hal_i2c.o
       878          4          0          0          0       5070   stm32f7xx_hal_ltdc.o
       108          8          0          0          0       1264   stm32f7xx_hal_pwr_ex.o
      1576         46         16          0          0       4837   stm32f7xx_hal_rcc.o
      1712         16          0          0          0       2432   stm32f7xx_hal_rcc_ex.o
      3894         14          0          0          0      23533   stm32f7xx_hal_sd.o
       150          0          0          0          0       3252   stm32f7xx_hal_sdram.o
       270         46          0          0          0       3990   stm32f7xx_hal_tim.o
       674          0          0          0          0       4152   stm32f7xx_hal_uart.o
        94         26          0          1          0     517367   stm32f7xx_it.o
       308          0          0          0          0       3524   stm32f7xx_ll_fmc.o
       156          0          0          0          0       6154   stm32f7xx_ll_sdmmc.o
        84         16          0         20          0       1165   system_stm32f7xx.o
       364         32          0         56        260       7145   tasks.o
        52          8          0         20        112       2649   uart.o

    ----------------------------------------------------------------------
     30470       1524       7576        504       4204     840661   Object Totals
         0          0         32          0          0          0   (incl. Generated)
        50          0          5         14          4          0   (incl. Padding)

    ----------------------------------------------------------------------

      Code (inc. data)   RO Data    RW Data    ZI Data      Debug   Library Member Name

       164         44          0          0          0        620   dunder.o
        24          0          0          0          0        124   fabs.o
        48          0          0          0          0        124   fpclassify.o
       248          0          0          0          0        152   poly.o
      3152        296        136          0          0        352   pow.o
         0          0          8          0          0          0   qnan.o
       110          0          0          0          0        148   sqrt.o
        86          0          0          0          0          0   __dczerorl2.o
         0          0          0          0          0          0   entry.o
         0          0          0          0          0          0   entry10a.o
         0          0          0          0          0          0   entry11a.o
         8          4          0          0          0          0   entry2.o
         4          0          0          0          0          0   entry5.o
         0          0          0          0          0          0   entry7b.o
         0          0          0          0          0          0   entry8b.o
         8          4          0          0          0          0   entry9a.o
        12          6          0          4          0         68   errno.o
        30          0          0          0          0          0   handlers.o
        36          8          0          0          0         68   init.o
         0          0          0          0          0          0   iusefp.o
        30          0          0          0          0         68   llshl.o
        36          0          0          0          0         68   llsshr.o
        32          0          0          0          0         68   llushr.o
        36          0          0          0          0         68   memcpya.o
        36          0          0          0          0        108   memseta.o
      2276         86          0          0          0        520   printfa.o
        40          0          0          0          0         76   strncat.o
        44          0          0          0          0         80   uidiv.o
        98          0          0          0          0         92   uldiv.o
        48          0          0          0          0         68   cdrcmple.o
        56          0          0          0          0         88   d2f.o
       334          0          0          0          0        148   dadd.o
       222          0          0          0          0        100   ddiv.o
       186          0          0          0          0        176   depilogue.o
        48          0          0          0          0         68   dfixul.o
        34          0          0          0          0         76   dflti.o
       228          0          0          0          0         96   dmul.o
        46          0          0          0          0         80   dscalb.o
       162          0          0          0          0        100   dsqrt.o
        38          0          0          0          0         68   f2d.o
       110          0          0          0          0        168   fepilogue.o

    ----------------------------------------------------------------------
      8078        448        144          4          0       4040   Library Totals
         8          0          0          0          0          0   (incl. Padding)

    ----------------------------------------------------------------------

      Code (inc. data)   RO Data    RW Data    ZI Data      Debug   Library Name

      3746        340        144          0          0       1520   m_wm.l
      2812        108          0          4          0       1284   mc_w.l
      1512          0          0          0          0       1236   mf_w.l

    ----------------------------------------------------------------------
      8078        448        144          4          0       4040   Library Totals

    ----------------------------------------------------------------------

==============================================================================


      Code (inc. data)   RO Data    RW Data    ZI Data      Debug   

     38548       1972       7720        508       4204     817585   Grand Totals
     38548       1972       7720        128       4204     817585   ELF Image Totals (compressed)
     38548       1972       7720        128          0          0   ROM Totals

==============================================================================

    Total RO  Size (Code + RO Data)                46268 (  45.18kB)
    Total RW  Size (RW Data + ZI Data)              4712 (   4.60kB)
    Total ROM Size (Code + RO Data + RW Data)      46396 (  45.31kB)

==============================================================================

